running python
54.91970133781433
54.53042721748352
54.45108485221863
54.4932222366333
54.692190647125244
54.78453755378723
53.91827583312988
54.34277033805847
54.45966291427612
54.42652678489685
54.44158148765564
54.85632085800171
54.24918079376221
54.85252547264099
54.71853709220886
55.148014307022095
54.76313543319702
54.66636562347412
54.167898654937744
55.58378195762634
55.08905267715454
55.85747671127319
55.453513383865356
56.35745167732239
56.06055235862732
55.65400171279907
55.65116882324219
55.81019186973572
55.97876048088074
55.87597322463989
55.59103727340698
55.935845136642456
55.88273239135742
56.149431467056274
56.362032890319824
56.2533323764801
56.008742570877075
54.73811388015747
54.674734115600586
54.278918504714966
54.620391845703125
54.575538635253906
54.866759061813354
54.37941360473633
54.430131912231445
54.072840213775635
53.94775605201721
54.810808420181274
54.918092012405396
54.22231483459473
54.83533024787903
54.82621479034424
55.022918939590454
54.94770407676697
54.470457553863525
54.4870240688324
54.93693137168884
54.2156982421875
54.073155879974365
54.66121220588684
54.401464223861694
54.33464455604553
54.51061034202576
54.12939238548279
53.96104574203491
54.32134556770325
54.294472455978394
54.32592701911926
53.987326860427856
54.26664447784424
54.236276626586914
54.479393005371094
54.54835891723633
54.17879056930542
54.63298487663269
54.22547936439514
51.07711434364319
54.502548694610596
54.25029015541077
53.989981174468994
54.163883209228516
54.624457359313965
54.436240673065186
53.841437339782715
53.5402774810791
53.80862855911255
54.29894757270813
54.11698842048645
54.14923882484436
54.10334253311157
54.420562982559204
54.69890379905701
54.73218774795532
54.07777214050293
54.450210094451904
53.90759897232056
51.71062254905701
55.08302712440491
54.59663987159729
54.73598027229309
54.305360078811646
53.56721377372742
54.64590859413147
54.63476228713989
54.67594003677368
54.60782837867737
54.934815645217896
54.46181869506836
54.90593957901001
54.89244508743286
54.42088723182678
54.2790424823761
55.426684856414795
54.36137390136719
54.87363076210022
54.30334997177124
54.45363783836365
53.63533353805542
53.84767436981201
53.76341390609741
54.52847623825073
53.93611550331116
53.88916873931885
53.96762418746948
53.610491037368774
53.94207215309143
53.8878653049469
53.88901877403259
53.82454180717468
53.884721517562866
53.99298691749573
53.74707889556885
53.72681427001953
53.902852296829224
54.087610483169556
51.78592896461487
55.33885383605957
55.26732158660889
55.565183877944946
54.89067625999451
54.941181898117065
55.04364800453186
55.522878885269165
55.301997661590576
55.211198568344116
54.937206506729126
54.91936635971069
55.13106679916382
55.393983364105225
54.65257668495178
55.61872148513794
54.76499319076538
54.51916575431824
55.10832905769348
54.187817335128784
54.581472873687744
54.78246736526489
53.95539331436157
54.361204385757446
54.68537664413452
54.48220682144165
54.381267070770264
54.39054560661316
54.359527826309204
54.1824049949646
54.422683238983154
54.6063187122345
54.494117736816406
54.309162855148315
53.60543727874756
54.70872378349304
54.2989399433136
53.963151693344116
54.29188275337219
50.518757820129395
55.13671922683716
55.43991804122925
55.741424560546875
55.12940311431885
55.61098599433899
55.46633529663086
54.85754704475403
55.78710603713989
55.18484377861023
55.273510217666626
55.320146799087524
55.58940100669861
55.66931462287903
55.06103563308716
55.14517617225647
56.203561782836914
55.412869453430176
55.07522535324097
54.43539881706238
54.491305351257324
54.415977478027344
54.462889432907104
54.131481885910034
53.97305941581726
54.50045466423035
54.232879400253296
54.40818929672241
54.081069231033325
54.33628487586975
54.69829535484314
55.0001266002655
54.49033546447754
54.69695067405701
54.816489458084106
55.29785418510437
54.46721148490906
54.586026191711426
54.69200682640076
50.50823211669922
54.945475816726685
54.08088421821594
54.80226016044617
54.91663074493408
55.19175171852112
54.487428426742554
54.433403968811035
54.16365933418274
54.608136892318726
54.92331886291504
54.344998359680176
54.41545534133911
54.63774871826172
54.59169030189514
54.57456135749817
54.87323212623596
54.87219762802124
54.28889012336731
54.445828914642334
54.26293158531189
53.70878839492798
54.053221225738525
53.91523098945618
53.55581545829773
54.03831100463867
53.66172504425049
54.036454916000366
53.2571656703949
53.92409300804138
54.47128224372864
53.88540434837341
53.86105465888977
53.54448914527893
53.68720984458923
54.57630777359009
53.753008127212524
53.74379205703735
53.882275104522705
51.92880868911743
57.027833223342896
56.03442859649658
56.36789059638977
56.3993079662323
56.4428334236145
56.786604166030884
56.1249303817749
55.89069986343384
56.18275761604309
56.44885492324829
56.60870838165283
55.50442957878113
56.02362847328186
56.67771100997925
57.27406549453735
56.28341865539551
55.91912364959717
56.01631784439087
53.95669651031494
54.54747009277344
54.477758169174194
55.03964138031006
54.821120262145996
54.45954895019531
54.79993033409119
54.53089237213135
54.87935137748718
54.419299602508545
54.34203863143921
54.037980794906616
54.57705903053284
54.378291845321655
54.52623224258423
54.2744562625885
54.96753811836243
54.42677283287048
54.537463426589966
54.34234595298767
54.77505707740784
54.61343789100647
54.63105368614197
54.48655295372009
54.49775505065918
54.46818780899048
54.69261884689331
54.50743055343628
55.00355935096741
54.723466634750366
54.28890943527222
54.517515897750854
54.8931667804718
54.086530923843384
54.47568941116333
55.30810284614563
54.79881238937378
54.66539406776428
54.43726873397827
54.22621035575867
54.10913634300232
54.3121919631958
53.93260216712952
54.143439292907715
54.083455324172974
53.82400107383728
54.78435397148132
53.72205710411072
54.52875804901123
55.016979694366455
54.54196333885193
52.9912474155426
54.658493757247925
53.89753603935242
54.48058748245239
53.6405394077301
53.76245951652527
53.29781174659729
51.97085237503052
54.243141889572144
53.42561888694763
54.28252410888672
53.80549645423889
53.61219096183777
54.084896087646484
54.06375598907471
54.36884093284607
53.50805997848511
53.77503848075867
54.50422430038452
53.841262340545654
53.93226337432861
54.27190041542053
54.33692216873169
54.069037437438965
54.39025044441223
53.44479060173035
54.572105407714844
51.08921790122986
55.25554871559143
55.03021812438965
55.3937041759491
55.08265995979309
55.67257571220398
55.42476463317871
55.15630745887756
55.59029030799866
55.31073594093323
55.835543394088745
55.36394286155701
55.078460931777954
55.42958974838257
55.26853108406067
55.32564735412598
55.50200629234314
55.11471176147461
55.38602042198181
54.52369976043701
54.24795413017273
54.04620289802551
54.25194597244263
53.62929964065552
54.24455285072327
54.245283126831055
54.25597357749939
54.30103611946106
53.95365047454834
54.4961416721344
54.50365948677063
53.89247274398804
54.261274337768555
54.363884925842285
54.271387815475464
53.84053635597229
54.18995547294617
53.87490248680115
54.31399846076965
50.82614755630493
53.931899070739746
53.60107660293579
53.94232773780823
53.51439118385315
53.414149045944214
53.41021656990051
53.32429242134094
53.98761034011841
53.81871032714844
54.046748876571655
53.67580032348633
53.18101978302002
53.24852013587952
53.00978708267212
53.24343991279602
54.03783202171326
54.01809620857239
53.968650102615356
54.49880576133728
52.12989830970764
55.806044578552246
54.739898920059204
55.130650997161865
55.01217842102051
54.674519538879395
54.73315453529358
54.12852144241333
55.06602382659912
54.48539423942566
54.99239683151245
54.56542134284973
54.8759822845459
55.11560654640198
54.80188012123108
54.63067269325256
55.22166109085083
54.903266191482544
54.50254511833191
54.575000524520874
54.220274209976196
54.10191464424133
54.54907464981079
54.066516399383545
54.23482942581177
54.589576721191406
54.1274676322937
53.74941658973694
54.21668982505798
53.826987981796265
54.24675750732422
54.256105184555054
54.24044418334961
54.20215082168579
53.64942955970764
54.62804365158081
54.631850481033325
54.48107290267944
54.31337547302246
51.15341377258301
54.286596059799194
53.91835951805115
54.39182114601135
54.49594163894653
54.524003982543945
54.25049567222595
54.35297083854675
54.133681774139404
54.233845233917236
54.66564726829529
54.733582496643066
54.11009693145752
54.265424728393555
54.22393989562988
54.36213231086731
54.32202100753784
54.212682247161865
54.35021495819092
54.533339500427246
50.88774919509888
54.75667643547058
54.21136474609375
54.47787022590637
54.41723346710205
54.37152814865112
54.4500789642334
53.99747562408447
54.220247745513916
53.68462300300598
54.43694829940796
54.27493190765381
54.17085599899292
54.45712471008301
54.82926344871521
55.21469593048096
54.73732805252075
55.073657512664795
54.57379102706909
54.68850779533386
50.69361138343811
2024-04-02 13:05:35,439 - distributed.worker - WARNING - Heartbeat to scheduler failed
Traceback (most recent call last):
  File "/global/software/sl-7.x86_64/modules/langs/python/3.10/lib/python3.10/site-packages/distributed/comm/tcp.py", line 223, in read
    frames_nbytes = await stream.read_bytes(fmt_size)
tornado.iostream.StreamClosedError: Stream is closed

The above exception was the direct cause of the following exception:

Traceback (most recent call last):
  File "/global/software/sl-7.x86_64/modules/langs/python/3.10/lib/python3.10/site-packages/distributed/worker.py", line 1161, in heartbeat
    response = await retry_operation(
  File "/global/software/sl-7.x86_64/modules/langs/python/3.10/lib/python3.10/site-packages/distributed/utils_comm.py", line 383, in retry_operation
    return await retry(
  File "/global/software/sl-7.x86_64/modules/langs/python/3.10/lib/python3.10/site-packages/distributed/utils_comm.py", line 368, in retry
    return await coro()
  File "/global/software/sl-7.x86_64/modules/langs/python/3.10/lib/python3.10/site-packages/distributed/core.py", line 1153, in send_recv_from_rpc
    return await send_recv(comm=comm, op=key, **kwargs)
  File "/global/software/sl-7.x86_64/modules/langs/python/3.10/lib/python3.10/site-packages/distributed/core.py", line 918, in send_recv
    response = await comm.read(deserializers=deserializers)
  File "/global/software/sl-7.x86_64/modules/langs/python/3.10/lib/python3.10/site-packages/distributed/comm/tcp.py", line 239, in read
    convert_stream_closed_error(self, e)
  File "/global/software/sl-7.x86_64/modules/langs/python/3.10/lib/python3.10/site-packages/distributed/comm/tcp.py", line 144, in convert_stream_closed_error
    raise CommClosedError(f"in {obj}: {exc}") from exc
distributed.comm.core.CommClosedError: in <TCP (closed) ConnectionPool.heartbeat_worker local=tcp://127.0.0.1:35702 remote=tcp://127.0.0.1:39082>: Stream is closed
53.038325786590576
53.75216460227966
53.24726676940918
53.176268339157104
53.33520698547363
53.414756536483765
53.18921899795532
53.46919584274292
53.71453237533569
53.3417763710022
53.216752767562866
52.97471809387207
53.28010082244873
53.095646142959595
52.975491523742676
53.17416214942932
53.102943420410156
52.76312971115112
53.42647743225098
51.75757336616516
54.66530418395996
53.87126016616821
53.971566677093506
53.74736022949219
53.83254289627075
53.9654815196991
54.085100173950195
54.0030472278595
53.8131263256073
54.24946045875549
54.761030197143555
53.622458934783936
53.83095407485962
53.98303747177124
54.08492302894592
54.520994663238525
54.26449728012085
54.12902879714966
54.39151644706726
51.60966777801514
54.94359469413757
54.80251336097717
54.99970626831055
54.71070456504822
54.692280530929565
54.86905097961426
54.493239402770996
54.58163595199585
54.70122957229614
54.56256914138794
54.987438917160034
54.796926498413086
54.30952477455139
54.334272146224976
54.26184558868408
54.97297430038452
54.645480155944824
54.29289627075195
54.54485869407654
55.70746302604675
55.045060873031616
55.2990357875824
55.30355644226074
55.4722318649292
55.35548806190491
55.303258657455444
55.43490409851074
55.071335792541504
55.29996967315674
54.88426661491394
55.573896169662476
55.940820932388306
55.77700614929199
55.376471281051636
55.95765471458435
56.031269550323486
55.7524471282959
53.794785261154175
53.54320168495178
53.795271158218384
54.16365146636963
53.55019187927246
54.20413899421692
54.33021378517151
54.04743432998657
53.412896394729614
52.989094972610474
52.956459283828735
52.566970109939575
53.209962606430054
53.74578070640564
53.72186064720154
53.64522075653076
54.194236755371094
53.78090167045593
53.61381220817566
53.11647844314575
51.7013783454895
55.94214391708374
55.69533944129944
55.314924001693726
55.127885818481445
55.62887907028198
55.72932839393616
55.35586404800415
55.12357544898987
55.79865384101868
55.25653553009033
55.988271951675415
55.61050820350647
55.74208188056946
55.219643115997314
55.482561349868774
55.90632128715515
56.121689796447754
55.26424551010132
53.91408729553223
54.55709099769592
53.486966371536255
53.98383951187134
53.923059940338135
54.29352426528931
54.14129710197449
54.64616274833679
54.15570855140686
53.944836378097534
54.29719686508179
54.97554969787598
53.65177392959595
54.239840507507324
54.228830099105835
54.08356213569641
54.040178060531616
54.55982685089111
54.356685161590576
54.59745788574219
51.43831205368042
There are 25 tasks
2024-04-02 13:05:36,067 - distributed.client - ERROR - cannot schedule new futures after shutdown
Traceback (most recent call last):
  File "/global/software/sl-7.x86_64/modules/langs/python/3.10/lib/python3.10/site-packages/distributed/comm/tcp.py", line 223, in read
    frames_nbytes = await stream.read_bytes(fmt_size)
tornado.iostream.StreamClosedError: Stream is closed

The above exception was the direct cause of the following exception:

Traceback (most recent call last):
  File "/global/software/sl-7.x86_64/modules/langs/python/3.10/lib/python3.10/site-packages/distributed/client.py", line 1392, in _handle_report
    msgs = await self.scheduler_comm.comm.read()
  File "/global/software/sl-7.x86_64/modules/langs/python/3.10/lib/python3.10/site-packages/distributed/comm/tcp.py", line 239, in read
    convert_stream_closed_error(self, e)
  File "/global/software/sl-7.x86_64/modules/langs/python/3.10/lib/python3.10/site-packages/distributed/comm/tcp.py", line 144, in convert_stream_closed_error
    raise CommClosedError(f"in {obj}: {exc}") from exc
distributed.comm.core.CommClosedError: in <TCP (closed) Client->Scheduler local=tcp://127.0.0.1:35788 remote=tcp://127.0.0.1:39082>: Stream is closed

During handling of the above exception, another exception occurred:

Traceback (most recent call last):
  File "/global/software/sl-7.x86_64/modules/langs/python/3.10/lib/python3.10/site-packages/distributed/utils.py", line 778, in wrapper
    return await func(*args, **kwargs)
  File "/global/software/sl-7.x86_64/modules/langs/python/3.10/lib/python3.10/site-packages/distributed/client.py", line 1211, in _reconnect
    await self._ensure_connected(timeout=timeout)
  File "/global/software/sl-7.x86_64/modules/langs/python/3.10/lib/python3.10/site-packages/distributed/client.py", line 1241, in _ensure_connected
    comm = await connect(
  File "/global/software/sl-7.x86_64/modules/langs/python/3.10/lib/python3.10/site-packages/distributed/comm/core.py", line 291, in connect
    comm = await asyncio.wait_for(
  File "/global/software/sl-7.x86_64/modules/langs/python/3.10/lib/python3.10/asyncio/tasks.py", line 445, in wait_for
    return fut.result()
  File "/global/software/sl-7.x86_64/modules/langs/python/3.10/lib/python3.10/site-packages/distributed/comm/tcp.py", line 449, in connect
    stream = await self.client.connect(
  File "/global/software/sl-7.x86_64/modules/langs/python/3.10/lib/python3.10/site-packages/tornado/tcpclient.py", line 265, in connect
    addrinfo = await self.resolver.resolve(host, port, af)
  File "/global/software/sl-7.x86_64/modules/langs/python/3.10/lib/python3.10/site-packages/distributed/comm/tcp.py", line 434, in resolve
    for fam, _, _, _, address in await asyncio.get_running_loop().getaddrinfo(
  File "/global/software/sl-7.x86_64/modules/langs/python/3.10/lib/python3.10/asyncio/base_events.py", line 863, in getaddrinfo
    return await self.run_in_executor(
  File "/global/software/sl-7.x86_64/modules/langs/python/3.10/lib/python3.10/asyncio/base_events.py", line 821, in run_in_executor
    executor.submit(func, *args), loop=self)
  File "/global/software/sl-7.x86_64/modules/langs/python/3.10/lib/python3.10/concurrent/futures/thread.py", line 167, in submit
    raise RuntimeError('cannot schedule new futures after shutdown')
RuntimeError: cannot schedule new futures after shutdown
cannot schedule new futures after shutdown
Traceback (most recent call last):
  File "/global/software/sl-7.x86_64/modules/langs/python/3.10/lib/python3.10/site-packages/distributed/comm/tcp.py", line 223, in read
    frames_nbytes = await stream.read_bytes(fmt_size)
tornado.iostream.StreamClosedError: Stream is closed

The above exception was the direct cause of the following exception:

Traceback (most recent call last):
  File "/global/software/sl-7.x86_64/modules/langs/python/3.10/lib/python3.10/site-packages/distributed/client.py", line 1392, in _handle_report
    msgs = await self.scheduler_comm.comm.read()
  File "/global/software/sl-7.x86_64/modules/langs/python/3.10/lib/python3.10/site-packages/distributed/comm/tcp.py", line 239, in read
    convert_stream_closed_error(self, e)
  File "/global/software/sl-7.x86_64/modules/langs/python/3.10/lib/python3.10/site-packages/distributed/comm/tcp.py", line 144, in convert_stream_closed_error
    raise CommClosedError(f"in {obj}: {exc}") from exc
distributed.comm.core.CommClosedError: in <TCP (closed) Client->Scheduler local=tcp://127.0.0.1:35788 remote=tcp://127.0.0.1:39082>: Stream is closed

During handling of the above exception, another exception occurred:

Traceback (most recent call last):
  File "/global/software/sl-7.x86_64/modules/langs/python/3.10/lib/python3.10/site-packages/distributed/utils.py", line 778, in wrapper
    return await func(*args, **kwargs)
  File "/global/software/sl-7.x86_64/modules/langs/python/3.10/lib/python3.10/site-packages/distributed/client.py", line 1400, in _handle_report
    await self._reconnect()
  File "/global/software/sl-7.x86_64/modules/langs/python/3.10/lib/python3.10/site-packages/distributed/utils.py", line 778, in wrapper
    return await func(*args, **kwargs)
  File "/global/software/sl-7.x86_64/modules/langs/python/3.10/lib/python3.10/site-packages/distributed/client.py", line 1211, in _reconnect
    await self._ensure_connected(timeout=timeout)
  File "/global/software/sl-7.x86_64/modules/langs/python/3.10/lib/python3.10/site-packages/distributed/client.py", line 1241, in _ensure_connected
    comm = await connect(
  File "/global/software/sl-7.x86_64/modules/langs/python/3.10/lib/python3.10/site-packages/distributed/comm/core.py", line 291, in connect
    comm = await asyncio.wait_for(
  File "/global/software/sl-7.x86_64/modules/langs/python/3.10/lib/python3.10/asyncio/tasks.py", line 445, in wait_for
    return fut.result()
  File "/global/software/sl-7.x86_64/modules/langs/python/3.10/lib/python3.10/site-packages/distributed/comm/tcp.py", line 449, in connect
    stream = await self.client.connect(
  File "/global/software/sl-7.x86_64/modules/langs/python/3.10/lib/python3.10/site-packages/tornado/tcpclient.py", line 265, in connect
    addrinfo = await self.resolver.resolve(host, port, af)
  File "/global/software/sl-7.x86_64/modules/langs/python/3.10/lib/python3.10/site-packages/distributed/comm/tcp.py", line 434, in resolve
    for fam, _, _, _, address in await asyncio.get_running_loop().getaddrinfo(
  File "/global/software/sl-7.x86_64/modules/langs/python/3.10/lib/python3.10/asyncio/base_events.py", line 863, in getaddrinfo
    return await self.run_in_executor(
  File "/global/software/sl-7.x86_64/modules/langs/python/3.10/lib/python3.10/asyncio/base_events.py", line 821, in run_in_executor
    executor.submit(func, *args), loop=self)
  File "/global/software/sl-7.x86_64/modules/langs/python/3.10/lib/python3.10/concurrent/futures/thread.py", line 167, in submit
    raise RuntimeError('cannot schedule new futures after shutdown')
RuntimeError: cannot schedule new futures after shutdown
2024-04-02 13:05:36,077 - distributed.client - ERROR - cannot schedule new futures after shutdown
Traceback (most recent call last):
  File "/global/software/sl-7.x86_64/modules/langs/python/3.10/lib/python3.10/site-packages/distributed/comm/tcp.py", line 223, in read
    frames_nbytes = await stream.read_bytes(fmt_size)
tornado.iostream.StreamClosedError: Stream is closed

The above exception was the direct cause of the following exception:

Traceback (most recent call last):
  File "/global/software/sl-7.x86_64/modules/langs/python/3.10/lib/python3.10/site-packages/distributed/client.py", line 1392, in _handle_report
    msgs = await self.scheduler_comm.comm.read()
  File "/global/software/sl-7.x86_64/modules/langs/python/3.10/lib/python3.10/site-packages/distributed/comm/tcp.py", line 239, in read
    convert_stream_closed_error(self, e)
  File "/global/software/sl-7.x86_64/modules/langs/python/3.10/lib/python3.10/site-packages/distributed/comm/tcp.py", line 144, in convert_stream_closed_error
    raise CommClosedError(f"in {obj}: {exc}") from exc
distributed.comm.core.CommClosedError: in <TCP (closed) Client->Scheduler local=tcp://127.0.0.1:35788 remote=tcp://127.0.0.1:39082>: Stream is closed

During handling of the above exception, another exception occurred:

Traceback (most recent call last):
  File "/global/software/sl-7.x86_64/modules/langs/python/3.10/lib/python3.10/site-packages/distributed/client.py", line 1520, in _close
    await asyncio.wait_for(asyncio.shield(handle_report_task), 0.1)
  File "/global/software/sl-7.x86_64/modules/langs/python/3.10/lib/python3.10/asyncio/tasks.py", line 445, in wait_for
    return fut.result()
  File "/global/software/sl-7.x86_64/modules/langs/python/3.10/lib/python3.10/site-packages/distributed/utils.py", line 778, in wrapper
    return await func(*args, **kwargs)
  File "/global/software/sl-7.x86_64/modules/langs/python/3.10/lib/python3.10/site-packages/distributed/client.py", line 1400, in _handle_report
    await self._reconnect()
  File "/global/software/sl-7.x86_64/modules/langs/python/3.10/lib/python3.10/site-packages/distributed/utils.py", line 778, in wrapper
    return await func(*args, **kwargs)
  File "/global/software/sl-7.x86_64/modules/langs/python/3.10/lib/python3.10/site-packages/distributed/client.py", line 1211, in _reconnect
    await self._ensure_connected(timeout=timeout)
  File "/global/software/sl-7.x86_64/modules/langs/python/3.10/lib/python3.10/site-packages/distributed/client.py", line 1241, in _ensure_connected
    comm = await connect(
  File "/global/software/sl-7.x86_64/modules/langs/python/3.10/lib/python3.10/site-packages/distributed/comm/core.py", line 291, in connect
    comm = await asyncio.wait_for(
  File "/global/software/sl-7.x86_64/modules/langs/python/3.10/lib/python3.10/asyncio/tasks.py", line 445, in wait_for
    return fut.result()
  File "/global/software/sl-7.x86_64/modules/langs/python/3.10/lib/python3.10/site-packages/distributed/comm/tcp.py", line 449, in connect
    stream = await self.client.connect(
  File "/global/software/sl-7.x86_64/modules/langs/python/3.10/lib/python3.10/site-packages/tornado/tcpclient.py", line 265, in connect
    addrinfo = await self.resolver.resolve(host, port, af)
  File "/global/software/sl-7.x86_64/modules/langs/python/3.10/lib/python3.10/site-packages/distributed/comm/tcp.py", line 434, in resolve
    for fam, _, _, _, address in await asyncio.get_running_loop().getaddrinfo(
  File "/global/software/sl-7.x86_64/modules/langs/python/3.10/lib/python3.10/asyncio/base_events.py", line 863, in getaddrinfo
    return await self.run_in_executor(
  File "/global/software/sl-7.x86_64/modules/langs/python/3.10/lib/python3.10/asyncio/base_events.py", line 821, in run_in_executor
    executor.submit(func, *args), loop=self)
  File "/global/software/sl-7.x86_64/modules/langs/python/3.10/lib/python3.10/concurrent/futures/thread.py", line 167, in submit
    raise RuntimeError('cannot schedule new futures after shutdown')
RuntimeError: cannot schedule new futures after shutdown
