running python
87.43448948860168
88.08693146705627
89.14559054374695
87.63171410560608
87.75156044960022
87.86963891983032
88.29080438613892
88.01468300819397
87.83703088760376
88.29273319244385
87.40776777267456
88.94660449028015
87.3469591140747
87.97914719581604
88.19732642173767
87.42375946044922
87.70366430282593
87.54287481307983
88.22111892700195
65.03482913970947
91.34767413139343
88.44043135643005
88.21840286254883
89.52702355384827
88.10540580749512
89.71930718421936
89.2679750919342
91.23088502883911
91.23380017280579
90.39953351020813
89.68089485168457
90.04963684082031
90.11880040168762
87.8344657421112
88.01698756217957
88.06039619445801
88.0999608039856
89.10849571228027
85.69906091690063
88.22177529335022
88.57699155807495
87.95889401435852
90.29223966598511
88.5631697177887
88.10141944885254
89.94779920578003
88.92340588569641
87.3609938621521
87.96456623077393
88.32842493057251
88.48655033111572
87.5395336151123
87.5392735004425
88.51454448699951
86.80861186981201
87.03695368766785
86.90933275222778
86.46479415893555
62.6783127784729
88.4520046710968
88.34944272041321
87.86910653114319
88.04224920272827
88.04447436332703
88.63266777992249
91.89343810081482
87.479905128479
88.23391032218933
88.75544214248657
87.70203304290771
90.52312994003296
88.45745038986206
88.10964727401733
87.84743237495422
92.42190742492676
87.81687712669373
88.51948618888855
88.56501889228821
87.66440057754517
87.14491891860962
89.41884207725525
88.60949468612671
89.37588405609131
87.37908291816711
88.09053158760071
87.25264811515808
87.29868054389954
87.47483253479004
88.61621618270874
88.00999617576599
88.3927743434906
86.9561185836792
90.77580690383911
89.23134517669678
86.63407063484192
87.03710985183716
86.765789270401
63.84870982170105
87.99426507949829
87.86088728904724
87.85042929649353
90.07706618309021
88.21303939819336
89.45838189125061
89.03473496437073
93.75090599060059
87.45870518684387
87.41237020492554
87.8393542766571
90.38475012779236
91.22098803520203
89.4005401134491
88.57410073280334
89.48440909385681
89.03706908226013
87.14702320098877
87.05693912506104
87.01764273643494
88.05108976364136
88.21158599853516
88.58459043502808
91.57839703559875
87.58371090888977
88.06051206588745
88.11013174057007
91.8519835472107
87.50778818130493
86.77362585067749
86.92220211029053
87.96951961517334
88.47165608406067
87.19381356239319
88.06156373023987
86.1092357635498
87.17245697975159
88.91821527481079
62.703920125961304
89.92346525192261
87.93091344833374
87.31902384757996
87.86784195899963
90.0534143447876
88.19867253303528
88.55028367042542
87.46948456764221
87.50253915786743
88.7500364780426
89.06151008605957
88.61582207679749
88.68029952049255
92.99908494949341
88.24071550369263
88.58041906356812
88.71379804611206
87.84848761558533
93.7132670879364
90.43016600608826
90.43737840652466
88.22121071815491
92.82729268074036
89.58862161636353
89.11904835700989
88.8325605392456
88.34311628341675
88.79532623291016
89.65947890281677
90.06788754463196
92.04201221466064
89.3866822719574
89.77348518371582
89.1259229183197
90.70935845375061
89.44880390167236
90.45305037498474
84.2365415096283
91.08758020401001
91.04024004936218
91.59964632987976
90.9006028175354
90.05684351921082
90.66619181632996
90.69190788269043
91.25357151031494
90.02150893211365
94.84623575210571
93.4011127948761
92.45911264419556
90.99539589881897
90.67847013473511
90.74205446243286
92.42393732070923
90.49585342407227
91.22958159446716
77.98312544822693
89.82793974876404
87.66533637046814
90.03907823562622
88.86934018135071
90.84252595901489
87.71933269500732
89.23880577087402
88.11828541755676
89.80575299263
87.88388729095459
88.55681562423706
88.08692908287048
88.15897226333618
87.94297552108765
88.00717425346375
88.02897357940674
88.32388734817505
88.63786888122559
88.1041989326477
88.20068693161011
88.16697788238525
90.1451563835144
87.73365688323975
88.83646202087402
88.73363018035889
87.8805582523346
89.80063080787659
88.88518261909485
88.87109065055847
89.11447143554688
89.38928246498108
89.37479066848755
91.71831941604614
89.47888278961182
88.32644748687744
87.42418813705444
88.03540062904358
88.3961730003357
87.94173765182495
92.17009210586548
87.89663553237915
88.16237187385559
89.5211615562439
89.7955904006958
89.65551805496216
87.82137131690979
89.1078360080719
88.88262367248535
90.52978253364563
89.12702989578247
90.29283332824707
88.10852599143982
87.87303233146667
89.90699172019958
89.54119896888733
90.1033627986908
87.39688277244568
88.39806866645813
87.39055728912354
88.21111392974854
86.89977693557739
86.28895378112793
86.83653736114502
85.89045071601868
87.13182520866394
86.60953998565674
86.06903553009033
86.77531623840332
89.76988959312439
86.20936441421509
86.79495406150818
89.30589199066162
86.85552167892456
87.56556582450867
87.46777319908142
86.75657606124878
69.5450484752655
87.62126541137695
88.46249389648438
88.22445797920227
88.65808606147766
88.74401998519897
88.54055380821228
87.86971497535706
88.07086491584778
88.62189984321594
88.16948771476746
87.81338500976562
88.90858936309814
89.43638300895691
90.6619644165039
89.19741320610046
87.91530203819275
87.87850737571716
88.56272602081299
87.88188123703003
87.10291838645935
89.0642580986023
87.4312047958374
87.95302367210388
87.67573857307434
89.15780234336853
89.15428900718689
86.69261312484741
86.91128253936768
88.54695129394531
87.8163857460022
89.25387597084045
88.37341523170471
88.505056142807
87.46384596824646
88.67076110839844
88.84026074409485
87.61277770996094
87.48636388778687
63.38524103164673
88.71530103683472
88.89665818214417
88.83127498626709
88.50098204612732
86.90337133407593
86.75219368934631
88.70396161079407
87.89676713943481
86.71960997581482
87.32578659057617
86.75573110580444
88.63984560966492
87.22549962997437
87.68434262275696
90.84748554229736
88.13956427574158
87.70528078079224
87.72646284103394
87.26453471183777
64.08744883537292
87.34718775749207
91.73115277290344
89.86150455474854
88.57983827590942
88.79912376403809
89.30053687095642
88.28591251373291
89.77030062675476
90.38695526123047
88.73835039138794
88.55722618103027
89.39928436279297
87.85294103622437
89.79743123054504
87.7117395401001
88.40944504737854
89.60539126396179
88.31619477272034
88.18527841567993
87.22846555709839
88.62607336044312
88.07802700996399
89.78942942619324
88.55937123298645
88.16261839866638
88.97017025947571
88.21931648254395
86.79605150222778
87.98367691040039
90.46232628822327
89.89949345588684
87.52327156066895
87.39054918289185
87.97486734390259
89.69224619865417
89.98362565040588
88.50238108634949
87.56020498275757
88.87395143508911
88.54327154159546
89.23256826400757
89.07466411590576
87.49164056777954
87.26418948173523
86.6670777797699
88.30626082420349
89.20878744125366
88.64304685592651
88.36141037940979
87.81641602516174
89.80920481681824
88.09990382194519
87.67391061782837
87.85714673995972
88.04410171508789
88.32949209213257
87.77018308639526
62.15654110908508
87.98929786682129
87.61349296569824
89.29885268211365
90.45383954048157
87.75450873374939
87.49097108840942
88.23144149780273
87.97438216209412
88.89249753952026
87.70760321617126
87.68960452079773
89.54293990135193
89.81800937652588
87.8421721458435
90.88125491142273
88.33368301391602
89.10911965370178
88.75611281394958
87.97932863235474
86.80336689949036
92.14207243919373
86.80038237571716
88.23096227645874
89.69693279266357
91.27617716789246
89.19866871833801
88.92376756668091
92.13596415519714
88.71789050102234
88.80588912963867
88.06683421134949
87.71224069595337
88.50271463394165
88.42158937454224
87.85627746582031
88.27853536605835
88.12923955917358
87.00083017349243
90.26485228538513
87.62041735649109
88.81905007362366
87.34381008148193
86.19188046455383
88.3215765953064
87.19218158721924
88.56736040115356
86.62483882904053
87.05099558830261
87.56345653533936
87.67196559906006
88.25650811195374
87.90597128868103
87.15362548828125
87.52301120758057
88.179616689682
88.39470386505127
88.56523847579956
65.79736638069153
88.44653511047363
89.01282048225403
88.9911561012268
88.95944857597351
89.02223944664001
87.93103241920471
87.58412098884583
88.07412624359131
88.95745992660522
90.10601878166199
87.7157211303711
88.55762553215027
88.40040159225464
87.77351689338684
86.84455227851868
87.53842973709106
88.24204277992249
87.43590044975281
87.9172568321228
61.556936502456665
87.93596625328064
87.31933927536011
87.01773738861084
86.69880080223083
88.65284371376038
89.16719579696655
88.86809992790222
87.71208715438843
87.45062112808228
88.99628138542175
87.68183541297913
88.01077151298523
87.80802083015442
87.85007905960083
87.85284948348999
88.13181042671204
88.42055368423462
87.3826367855072
87.23875784873962
65.77691388130188
86.59954619407654
88.01775312423706
88.55966901779175
88.41132688522339
87.38787913322449
90.0405535697937
88.70448803901672
86.87022185325623
87.06565022468567
87.56393146514893
86.70534873008728
89.23228144645691
87.81582164764404
88.97330713272095
88.8351559638977
88.69459962844849
88.43884062767029
87.96320939064026
87.3771903514862
63.86303997039795
86.89644026756287
88.62468934059143
86.97730350494385
87.4559371471405
87.15622162818909
86.36978769302368
87.61642265319824
88.01441931724548
88.03775572776794
89.38231134414673
88.18816208839417
87.01768255233765
86.91225123405457
87.03857088088989
86.67185235023499
86.77107334136963
86.62438821792603
88.11341977119446
89.41376543045044
67.40494322776794
87.89031648635864
87.89898538589478
91.04767799377441
88.54972124099731
88.80507612228394
87.02568817138672
87.99396920204163
87.42471766471863
88.80829215049744
87.06685900688171
86.36096906661987
86.90533018112183
86.91741466522217
87.09673714637756
86.96751236915588
87.05762481689453
85.99662160873413
86.88030171394348
86.13495087623596
67.89170145988464
87.76468849182129
87.77092695236206
87.47331929206848
88.90697002410889
87.23245000839233
87.26260614395142
86.60236048698425
88.20869064331055
87.41977667808533
87.12859797477722
87.99998140335083
87.36340618133545
87.2979781627655
87.71127796173096
87.88906788825989
87.38855147361755
87.2359344959259
87.03904151916504
88.51220464706421
68.15300607681274
88.46213626861572
87.70909214019775
87.46856951713562
88.23198437690735
90.47412896156311
88.06349015235901
90.04103207588196
88.19291186332703
87.37223505973816
88.46880078315735
87.85912442207336
88.25909686088562
89.91346621513367
87.88700699806213
87.68897485733032
87.52838206291199
87.53784227371216
89.1453504562378
88.90671849250793
60.41388726234436
87.08118271827698
93.14264583587646
86.74879121780396
86.79540824890137
86.95508003234863
89.71612524986267
89.33044242858887
88.0978832244873
87.88286328315735
87.4158923625946
89.84173345565796
87.3298487663269
89.15809726715088
87.31168866157532
87.98710536956787
87.45706462860107
87.90691566467285
88.97009944915771
88.58659029006958
61.18170237541199
92.01311135292053
91.43925952911377
89.55220341682434
90.0669264793396
88.43898367881775
88.30789089202881
89.08135342597961
88.64353704452515
90.04998660087585
91.74719023704529
89.48870348930359
89.52419233322144
91.46951055526733
89.52517867088318
88.74275708198547
89.96864461898804
94.98360323905945
91.9364902973175
81.26223397254944
There are 25 tasks
2024-04-02 14:38:58,699 - distributed.client - ERROR - cannot schedule new futures after shutdown
Traceback (most recent call last):
  File "/global/software/sl-7.x86_64/modules/langs/python/3.10/lib/python3.10/site-packages/distributed/comm/tcp.py", line 223, in read
    frames_nbytes = await stream.read_bytes(fmt_size)
tornado.iostream.StreamClosedError: Stream is closed

The above exception was the direct cause of the following exception:

Traceback (most recent call last):
  File "/global/software/sl-7.x86_64/modules/langs/python/3.10/lib/python3.10/site-packages/distributed/client.py", line 1392, in _handle_report
    msgs = await self.scheduler_comm.comm.read()
  File "/global/software/sl-7.x86_64/modules/langs/python/3.10/lib/python3.10/site-packages/distributed/comm/tcp.py", line 239, in read
    convert_stream_closed_error(self, e)
  File "/global/software/sl-7.x86_64/modules/langs/python/3.10/lib/python3.10/site-packages/distributed/comm/tcp.py", line 144, in convert_stream_closed_error
    raise CommClosedError(f"in {obj}: {exc}") from exc
distributed.comm.core.CommClosedError: in <TCP (closed) Client->Scheduler local=tcp://127.0.0.1:55888 remote=tcp://127.0.0.1:38800>: Stream is closed

During handling of the above exception, another exception occurred:

Traceback (most recent call last):
  File "/global/software/sl-7.x86_64/modules/langs/python/3.10/lib/python3.10/site-packages/distributed/utils.py", line 778, in wrapper
    return await func(*args, **kwargs)
  File "/global/software/sl-7.x86_64/modules/langs/python/3.10/lib/python3.10/site-packages/distributed/client.py", line 1211, in _reconnect
    await self._ensure_connected(timeout=timeout)
  File "/global/software/sl-7.x86_64/modules/langs/python/3.10/lib/python3.10/site-packages/distributed/client.py", line 1241, in _ensure_connected
    comm = await connect(
  File "/global/software/sl-7.x86_64/modules/langs/python/3.10/lib/python3.10/site-packages/distributed/comm/core.py", line 291, in connect
    comm = await asyncio.wait_for(
  File "/global/software/sl-7.x86_64/modules/langs/python/3.10/lib/python3.10/asyncio/tasks.py", line 445, in wait_for
    return fut.result()
  File "/global/software/sl-7.x86_64/modules/langs/python/3.10/lib/python3.10/site-packages/distributed/comm/tcp.py", line 449, in connect
    stream = await self.client.connect(
  File "/global/software/sl-7.x86_64/modules/langs/python/3.10/lib/python3.10/site-packages/tornado/tcpclient.py", line 265, in connect
    addrinfo = await self.resolver.resolve(host, port, af)
  File "/global/software/sl-7.x86_64/modules/langs/python/3.10/lib/python3.10/site-packages/distributed/comm/tcp.py", line 434, in resolve
    for fam, _, _, _, address in await asyncio.get_running_loop().getaddrinfo(
  File "/global/software/sl-7.x86_64/modules/langs/python/3.10/lib/python3.10/asyncio/base_events.py", line 863, in getaddrinfo
    return await self.run_in_executor(
  File "/global/software/sl-7.x86_64/modules/langs/python/3.10/lib/python3.10/asyncio/base_events.py", line 821, in run_in_executor
    executor.submit(func, *args), loop=self)
  File "/global/software/sl-7.x86_64/modules/langs/python/3.10/lib/python3.10/concurrent/futures/thread.py", line 167, in submit
    raise RuntimeError('cannot schedule new futures after shutdown')
RuntimeError: cannot schedule new futures after shutdown
cannot schedule new futures after shutdown
Traceback (most recent call last):
  File "/global/software/sl-7.x86_64/modules/langs/python/3.10/lib/python3.10/site-packages/distributed/comm/tcp.py", line 223, in read
    frames_nbytes = await stream.read_bytes(fmt_size)
tornado.iostream.StreamClosedError: Stream is closed

The above exception was the direct cause of the following exception:

Traceback (most recent call last):
  File "/global/software/sl-7.x86_64/modules/langs/python/3.10/lib/python3.10/site-packages/distributed/client.py", line 1392, in _handle_report
    msgs = await self.scheduler_comm.comm.read()
  File "/global/software/sl-7.x86_64/modules/langs/python/3.10/lib/python3.10/site-packages/distributed/comm/tcp.py", line 239, in read
    convert_stream_closed_error(self, e)
  File "/global/software/sl-7.x86_64/modules/langs/python/3.10/lib/python3.10/site-packages/distributed/comm/tcp.py", line 144, in convert_stream_closed_error
    raise CommClosedError(f"in {obj}: {exc}") from exc
distributed.comm.core.CommClosedError: in <TCP (closed) Client->Scheduler local=tcp://127.0.0.1:55888 remote=tcp://127.0.0.1:38800>: Stream is closed

During handling of the above exception, another exception occurred:

Traceback (most recent call last):
  File "/global/software/sl-7.x86_64/modules/langs/python/3.10/lib/python3.10/site-packages/distributed/utils.py", line 778, in wrapper
    return await func(*args, **kwargs)
  File "/global/software/sl-7.x86_64/modules/langs/python/3.10/lib/python3.10/site-packages/distributed/client.py", line 1400, in _handle_report
    await self._reconnect()
  File "/global/software/sl-7.x86_64/modules/langs/python/3.10/lib/python3.10/site-packages/distributed/utils.py", line 778, in wrapper
    return await func(*args, **kwargs)
  File "/global/software/sl-7.x86_64/modules/langs/python/3.10/lib/python3.10/site-packages/distributed/client.py", line 1211, in _reconnect
    await self._ensure_connected(timeout=timeout)
  File "/global/software/sl-7.x86_64/modules/langs/python/3.10/lib/python3.10/site-packages/distributed/client.py", line 1241, in _ensure_connected
    comm = await connect(
  File "/global/software/sl-7.x86_64/modules/langs/python/3.10/lib/python3.10/site-packages/distributed/comm/core.py", line 291, in connect
    comm = await asyncio.wait_for(
  File "/global/software/sl-7.x86_64/modules/langs/python/3.10/lib/python3.10/asyncio/tasks.py", line 445, in wait_for
    return fut.result()
  File "/global/software/sl-7.x86_64/modules/langs/python/3.10/lib/python3.10/site-packages/distributed/comm/tcp.py", line 449, in connect
    stream = await self.client.connect(
  File "/global/software/sl-7.x86_64/modules/langs/python/3.10/lib/python3.10/site-packages/tornado/tcpclient.py", line 265, in connect
    addrinfo = await self.resolver.resolve(host, port, af)
  File "/global/software/sl-7.x86_64/modules/langs/python/3.10/lib/python3.10/site-packages/distributed/comm/tcp.py", line 434, in resolve
    for fam, _, _, _, address in await asyncio.get_running_loop().getaddrinfo(
  File "/global/software/sl-7.x86_64/modules/langs/python/3.10/lib/python3.10/asyncio/base_events.py", line 863, in getaddrinfo
    return await self.run_in_executor(
  File "/global/software/sl-7.x86_64/modules/langs/python/3.10/lib/python3.10/asyncio/base_events.py", line 821, in run_in_executor
    executor.submit(func, *args), loop=self)
  File "/global/software/sl-7.x86_64/modules/langs/python/3.10/lib/python3.10/concurrent/futures/thread.py", line 167, in submit
    raise RuntimeError('cannot schedule new futures after shutdown')
RuntimeError: cannot schedule new futures after shutdown
2024-04-02 14:38:58,706 - distributed.client - ERROR - cannot schedule new futures after shutdown
Traceback (most recent call last):
  File "/global/software/sl-7.x86_64/modules/langs/python/3.10/lib/python3.10/site-packages/distributed/comm/tcp.py", line 223, in read
    frames_nbytes = await stream.read_bytes(fmt_size)
tornado.iostream.StreamClosedError: Stream is closed

The above exception was the direct cause of the following exception:

Traceback (most recent call last):
  File "/global/software/sl-7.x86_64/modules/langs/python/3.10/lib/python3.10/site-packages/distributed/client.py", line 1392, in _handle_report
    msgs = await self.scheduler_comm.comm.read()
  File "/global/software/sl-7.x86_64/modules/langs/python/3.10/lib/python3.10/site-packages/distributed/comm/tcp.py", line 239, in read
    convert_stream_closed_error(self, e)
  File "/global/software/sl-7.x86_64/modules/langs/python/3.10/lib/python3.10/site-packages/distributed/comm/tcp.py", line 144, in convert_stream_closed_error
    raise CommClosedError(f"in {obj}: {exc}") from exc
distributed.comm.core.CommClosedError: in <TCP (closed) Client->Scheduler local=tcp://127.0.0.1:55888 remote=tcp://127.0.0.1:38800>: Stream is closed

During handling of the above exception, another exception occurred:

Traceback (most recent call last):
  File "/global/software/sl-7.x86_64/modules/langs/python/3.10/lib/python3.10/site-packages/distributed/client.py", line 1520, in _close
    await asyncio.wait_for(asyncio.shield(handle_report_task), 0.1)
  File "/global/software/sl-7.x86_64/modules/langs/python/3.10/lib/python3.10/asyncio/tasks.py", line 445, in wait_for
    return fut.result()
  File "/global/software/sl-7.x86_64/modules/langs/python/3.10/lib/python3.10/site-packages/distributed/utils.py", line 778, in wrapper
    return await func(*args, **kwargs)
  File "/global/software/sl-7.x86_64/modules/langs/python/3.10/lib/python3.10/site-packages/distributed/client.py", line 1400, in _handle_report
    await self._reconnect()
  File "/global/software/sl-7.x86_64/modules/langs/python/3.10/lib/python3.10/site-packages/distributed/utils.py", line 778, in wrapper
    return await func(*args, **kwargs)
  File "/global/software/sl-7.x86_64/modules/langs/python/3.10/lib/python3.10/site-packages/distributed/client.py", line 1211, in _reconnect
    await self._ensure_connected(timeout=timeout)
  File "/global/software/sl-7.x86_64/modules/langs/python/3.10/lib/python3.10/site-packages/distributed/client.py", line 1241, in _ensure_connected
    comm = await connect(
  File "/global/software/sl-7.x86_64/modules/langs/python/3.10/lib/python3.10/site-packages/distributed/comm/core.py", line 291, in connect
    comm = await asyncio.wait_for(
  File "/global/software/sl-7.x86_64/modules/langs/python/3.10/lib/python3.10/asyncio/tasks.py", line 445, in wait_for
    return fut.result()
  File "/global/software/sl-7.x86_64/modules/langs/python/3.10/lib/python3.10/site-packages/distributed/comm/tcp.py", line 449, in connect
    stream = await self.client.connect(
  File "/global/software/sl-7.x86_64/modules/langs/python/3.10/lib/python3.10/site-packages/tornado/tcpclient.py", line 265, in connect
    addrinfo = await self.resolver.resolve(host, port, af)
  File "/global/software/sl-7.x86_64/modules/langs/python/3.10/lib/python3.10/site-packages/distributed/comm/tcp.py", line 434, in resolve
    for fam, _, _, _, address in await asyncio.get_running_loop().getaddrinfo(
  File "/global/software/sl-7.x86_64/modules/langs/python/3.10/lib/python3.10/asyncio/base_events.py", line 863, in getaddrinfo
    return await self.run_in_executor(
  File "/global/software/sl-7.x86_64/modules/langs/python/3.10/lib/python3.10/asyncio/base_events.py", line 821, in run_in_executor
    executor.submit(func, *args), loop=self)
  File "/global/software/sl-7.x86_64/modules/langs/python/3.10/lib/python3.10/concurrent/futures/thread.py", line 167, in submit
    raise RuntimeError('cannot schedule new futures after shutdown')
RuntimeError: cannot schedule new futures after shutdown
