running python
55.09645986557007
55.15184807777405
55.05294966697693
54.43921875953674
54.704962968826294
54.68791675567627
54.730324268341064
55.27394676208496
54.7221040725708
54.780357122421265
55.06225275993347
54.54813241958618
55.397557973861694
54.799949407577515
55.329275369644165
55.09761071205139
54.57331705093384
55.06915092468262
54.22824144363403
54.627843379974365
54.18319892883301
54.36241006851196
53.813355922698975
53.98592758178711
53.973947525024414
54.973939418792725
54.24545097351074
54.08932828903198
54.00249695777893
53.67044758796692
53.98735070228577
54.36065125465393
54.21720862388611
54.20430946350098
53.617151975631714
53.98368453979492
54.44998359680176
54.43170094490051
51.59016752243042
54.54086947441101
54.4762225151062
54.98742413520813
54.25470328330994
54.20014309883118
54.316141843795776
54.65348291397095
54.798221826553345
54.3941867351532
54.44524359703064
53.963342905044556
53.859253883361816
53.768561601638794
54.23176431655884
54.574103355407715
54.038482904434204
54.444313526153564
54.682312965393066
54.24218392372131
54.590510845184326
54.59739923477173
54.65013146400452
54.37774419784546
54.30612826347351
54.30274224281311
53.983890533447266
54.58517646789551
54.13447165489197
54.271647930145264
54.06870150566101
53.988070249557495
54.35201168060303
54.22847366333008
53.960397720336914
53.469170570373535
53.502357482910156
54.18264436721802
54.343689918518066
51.55996584892273
54.54240298271179
55.12122631072998
54.6586217880249
54.05729532241821
53.89143633842468
54.08459401130676
54.19189143180847
54.057791233062744
53.31819176673889
54.23310327529907
53.966341495513916
53.739651918411255
53.8910448551178
54.52250409126282
54.00172257423401
54.648404121398926
54.37916326522827
54.32983040809631
54.118829011917114
51.167402505874634
54.57387137413025
54.32907152175903
54.48302721977234
54.61903095245361
54.33024597167969
54.9101459980011
54.86844515800476
55.00917029380798
54.75759410858154
55.06445503234863
54.400110721588135
54.51025056838989
54.778982400894165
54.27079129219055
54.626638650894165
55.147627115249634
54.85893750190735
55.37600588798523
54.64656662940979
53.62584471702576
53.642104148864746
53.83724570274353
53.0786395072937
53.425257205963135
53.06710195541382
54.215516567230225
53.16886377334595
53.581892013549805
53.480032205581665
52.67498970031738
53.500468254089355
54.027106046676636
53.364978075027466
53.046345710754395
53.26649737358093
53.66846513748169
53.033740520477295
53.24716567993164
50.75449514389038
54.81077194213867
54.08315992355347
54.18379187583923
53.89665222167969
54.18917417526245
54.189181089401245
53.77613878250122
54.36081671714783
53.71930909156799
54.66829538345337
54.06769824028015
54.304484367370605
54.07679462432861
54.09255647659302
54.057106256484985
53.926984786987305
53.99289107322693
54.48382782936096
54.33936619758606
51.2993950843811
54.80709218978882
54.76839542388916
54.85535264015198
54.5780713558197
54.62951374053955
54.834025621414185
55.38961911201477
54.48469400405884
54.684035539627075
54.72605848312378
54.63252663612366
54.200438499450684
55.18965029716492
54.47710299491882
54.45845293998718
55.12603735923767
55.22291970252991
54.900216817855835
54.61287808418274
54.43829584121704
54.07378649711609
54.13286852836609
53.85615253448486
53.78634309768677
53.985273361206055
53.63480734825134
53.72094178199768
53.815765619277954
54.06539583206177
52.93686103820801
53.072707414627075
53.821869134902954
53.09525752067566
52.491138219833374
53.576122522354126
53.84543442726135
53.65952253341675
54.06496524810791
50.643070220947266
54.4716591835022
54.073105335235596
53.90488290786743
53.51373815536499
53.426177740097046
53.632301568984985
53.818543672561646
52.822283029556274
53.0905327796936
53.51495170593262
53.475189447402954
53.12064075469971
53.836552143096924
53.23263335227966
53.032397508621216
54.093981981277466
53.24113655090332
53.058140993118286
53.59132432937622
51.690064668655396
54.817132234573364
54.64998006820679
54.51907992362976
54.51287055015564
54.34201955795288
54.33675956726074
54.912983894348145
54.23193955421448
54.63032507896423
54.12287664413452
54.200520753860474
54.36310529708862
54.43918180465698
54.280171632766724
54.34007930755615
54.40434718132019
54.35108518600464
54.59978199005127
54.42501950263977
55.17717266082764
55.3048038482666
55.38185119628906
55.48643732070923
54.79485559463501
55.45404529571533
55.24734950065613
55.202625036239624
55.86671996116638
55.86363744735718
55.722474575042725
55.17843437194824
55.49816060066223
55.304194927215576
55.120201110839844
55.45634388923645
55.8798770904541
55.882463693618774
55.000447034835815
54.31527781486511
53.922998666763306
54.26298952102661
54.22280716896057
53.870685338974
53.723061084747314
54.28787803649902
54.089152812957764
54.12759566307068
53.99560594558716
54.0168616771698
54.20903182029724
53.87763500213623
53.59137797355652
54.06944513320923
53.69847512245178
54.20829486846924
54.28995442390442
54.360939264297485
51.786908864974976
54.38001346588135
54.51574635505676
54.17102074623108
53.58459687232971
53.7970244884491
54.090489625930786
54.340699434280396
54.343120098114014
54.511443853378296
53.932371616363525
54.03909111022949
53.86028718948364
54.397847414016724
54.32111144065857
54.47966003417969
54.097676038742065
54.22759461402893
53.85362887382507
54.37802219390869
51.160624980926514
56.282739877700806
55.97103762626648
56.019070625305176
55.55993366241455
55.81096863746643
56.021795988082886
55.819960594177246
55.5326943397522
55.695019006729126
55.655837059020996
55.41474461555481
55.96570539474487
55.489506006240845
55.50685977935791
55.57136797904968
56.443166732788086
55.85314965248108
55.91386556625366
53.95150971412659
54.67429566383362
54.49623250961304
54.43005895614624
53.65607738494873
54.21687602996826
53.99581599235535
54.141406774520874
54.181281328201294
54.125213861465454
54.489603996276855
53.93421983718872
53.98639512062073
54.13235282897949
53.83982801437378
53.73716330528259
54.15803241729736
53.87659955024719
53.94838809967041
53.89919090270996
50.990134477615356
53.82940149307251
51.91388273239136
53.22988033294678
52.283151626586914
52.2893226146698
52.38402986526489
52.11687350273132
52.753233432769775
52.48482799530029
52.50592875480652
52.11656713485718
51.78838515281677
51.29275441169739
52.668490409851074
52.01630258560181
51.92569041252136
51.18888783454895
52.17601776123047
52.78567576408386
51.30151963233948
54.595181465148926
54.53318667411804
54.57530379295349
54.538596630096436
54.67995834350586
54.687153577804565
54.07974338531494
54.68405747413635
54.17413258552551
53.947449922561646
54.31711554527283
53.76101565361023
53.64141917228699
54.760334730148315
54.36463809013367
54.14254927635193
53.92376661300659
54.009504556655884
54.27250599861145
50.21632480621338
54.44155240058899
54.22847080230713
54.3033082485199
53.681620597839355
54.07192420959473
54.17398142814636
54.279170751571655
54.29650139808655
54.200966358184814
54.25888395309448
54.35581660270691
54.519047260284424
54.43631458282471
54.68308877944946
54.567508935928345
54.26040434837341
54.27057194709778
54.26512050628662
54.22051739692688
51.12096810340881
54.360896825790405
54.697091817855835
54.40902829170227
54.01916742324829
54.15404748916626
54.62226176261902
54.48924732208252
54.000821352005005
54.426109790802
54.07313013076782
53.738922357559204
53.52590751647949
54.15306568145752
54.31297755241394
54.3916118144989
54.2761652469635
53.835813999176025
53.85840058326721
54.441017866134644
51.23844814300537
54.72433042526245
54.92318606376648
54.388795137405396
54.0583930015564
54.271464109420776
54.489681005477905
54.41902184486389
54.327556133270264
54.5195255279541
54.48983669281006
54.10986375808716
53.72668242454529
54.58433437347412
54.2814667224884
54.600579500198364
53.86601257324219
54.17819333076477
53.93647289276123
54.19031381607056
50.774760007858276
54.299710273742676
54.33579206466675
54.13870811462402
54.27617812156677
54.465004682540894
54.68577575683594
54.83713221549988
54.55258083343506
54.49584341049194
54.55652689933777
54.375115394592285
53.862101793289185
54.4204535484314
54.36939454078674
54.630337715148926
54.72158360481262
54.47712993621826
54.80800437927246
54.44929480552673
55.02626991271973
55.34708523750305
55.502339363098145
55.02653741836548
55.23162865638733
55.2367148399353
54.68326473236084
55.287142515182495
54.92701816558838
55.01541471481323
55.51883816719055
54.76856279373169
55.433642864227295
55.37838864326477
55.29849433898926
55.2763249874115
54.807214975357056
55.36034059524536
54.289714336395264
55.21023511886597
55.27439498901367
55.192180156707764
54.561028718948364
54.77643656730652
54.940266609191895
55.58733558654785
54.47161078453064
55.16627240180969
54.970439434051514
54.70248293876648
54.754769802093506
55.387890577316284
55.042811155319214
54.71812677383423
55.36466693878174
54.85385775566101
55.80756163597107
53.81467604637146
54.66861963272095
55.09542107582092
54.96591258049011
54.452552795410156
54.45935392379761
54.37918281555176
55.105292558670044
54.18918776512146
55.05736255645752
54.830092430114746
54.75586414337158
54.1509530544281
54.45556426048279
54.49552035331726
54.300081968307495
54.060203552246094
54.86566662788391
54.736369609832764
53.84967350959778
55.01769137382507
54.064924001693726
54.42305874824524
54.30170440673828
54.714253664016724
54.57698082923889
54.717209577560425
54.52039337158203
54.64277625083923
54.08702325820923
54.07207942008972
53.898484230041504
54.38327693939209
53.5394127368927
54.79538702964783
54.121647119522095
54.57898998260498
55.18995499610901
55.052671670913696
55.529287815093994
55.39216923713684
55.10166883468628
55.12129235267639
54.56974124908447
55.43173694610596
55.47260332107544
55.412763833999634
55.57929563522339
55.2963342666626
54.94727182388306
54.82397985458374
55.181453466415405
55.451059341430664
55.402037382125854
54.927408933639526
55.499250173568726
55.98371696472168
54.08802247047424
54.88746094703674
54.874911308288574
54.821675539016724
55.06501841545105
54.20097994804382
54.72849631309509
54.663681507110596
54.53076481819153
54.91187119483948
54.77452063560486
54.49874567985535
54.54378151893616
55.2875554561615
55.21413278579712
54.056772232055664
55.07793378829956
54.524601221084595
54.72583723068237
53.9716215133667
53.722344636917114
54.04276204109192
53.6672158241272
53.201042890548706
53.27133560180664
53.48811483383179
54.277732372283936
54.014296770095825
53.839341163635254
54.013476610183716
52.961559772491455
53.93345618247986
53.94601392745972
53.833359241485596
53.4099862575531
54.15211844444275
54.29509663581848
53.90845966339111
53.31652212142944
50.96241641044617
54.67657995223999
53.910646200180054
54.397310733795166
53.75841474533081
54.067795515060425
54.254026889801025
53.51730394363403
53.976773738861084
53.728880167007446
53.88721442222595
53.31017279624939
53.08834147453308
53.54601454734802
53.679237604141235
54.09671354293823
53.92683243751526
53.588409185409546
53.75432753562927
53.913092374801636
51.32575535774231
54.64225220680237
54.708017349243164
54.7718071937561
54.5046010017395
53.99432969093323
54.72681164741516
55.0196647644043
54.38263273239136
53.92105793952942
54.306227922439575
54.20616292953491
53.667527198791504
54.794833183288574
53.783775329589844
55.030320167541504
54.958669900894165
54.913188219070435
54.58088493347168
54.681087493896484
There are 25 tasks
2024-04-02 14:28:23,213 - distributed.client - ERROR - cannot schedule new futures after shutdown
Traceback (most recent call last):
  File "/global/software/sl-7.x86_64/modules/langs/python/3.10/lib/python3.10/site-packages/distributed/comm/tcp.py", line 223, in read
    frames_nbytes = await stream.read_bytes(fmt_size)
tornado.iostream.StreamClosedError: Stream is closed

The above exception was the direct cause of the following exception:

Traceback (most recent call last):
  File "/global/software/sl-7.x86_64/modules/langs/python/3.10/lib/python3.10/site-packages/distributed/client.py", line 1392, in _handle_report
    msgs = await self.scheduler_comm.comm.read()
  File "/global/software/sl-7.x86_64/modules/langs/python/3.10/lib/python3.10/site-packages/distributed/comm/tcp.py", line 239, in read
    convert_stream_closed_error(self, e)
  File "/global/software/sl-7.x86_64/modules/langs/python/3.10/lib/python3.10/site-packages/distributed/comm/tcp.py", line 144, in convert_stream_closed_error
    raise CommClosedError(f"in {obj}: {exc}") from exc
distributed.comm.core.CommClosedError: in <TCP (closed) Client->Scheduler local=tcp://127.0.0.1:46270 remote=tcp://127.0.0.1:34932>: Stream is closed

During handling of the above exception, another exception occurred:

Traceback (most recent call last):
  File "/global/software/sl-7.x86_64/modules/langs/python/3.10/lib/python3.10/site-packages/distributed/utils.py", line 778, in wrapper
    return await func(*args, **kwargs)
  File "/global/software/sl-7.x86_64/modules/langs/python/3.10/lib/python3.10/site-packages/distributed/client.py", line 1211, in _reconnect
    await self._ensure_connected(timeout=timeout)
  File "/global/software/sl-7.x86_64/modules/langs/python/3.10/lib/python3.10/site-packages/distributed/client.py", line 1241, in _ensure_connected
    comm = await connect(
  File "/global/software/sl-7.x86_64/modules/langs/python/3.10/lib/python3.10/site-packages/distributed/comm/core.py", line 291, in connect
    comm = await asyncio.wait_for(
  File "/global/software/sl-7.x86_64/modules/langs/python/3.10/lib/python3.10/asyncio/tasks.py", line 445, in wait_for
    return fut.result()
  File "/global/software/sl-7.x86_64/modules/langs/python/3.10/lib/python3.10/site-packages/distributed/comm/tcp.py", line 449, in connect
    stream = await self.client.connect(
  File "/global/software/sl-7.x86_64/modules/langs/python/3.10/lib/python3.10/site-packages/tornado/tcpclient.py", line 265, in connect
    addrinfo = await self.resolver.resolve(host, port, af)
  File "/global/software/sl-7.x86_64/modules/langs/python/3.10/lib/python3.10/site-packages/distributed/comm/tcp.py", line 434, in resolve
    for fam, _, _, _, address in await asyncio.get_running_loop().getaddrinfo(
  File "/global/software/sl-7.x86_64/modules/langs/python/3.10/lib/python3.10/asyncio/base_events.py", line 863, in getaddrinfo
    return await self.run_in_executor(
  File "/global/software/sl-7.x86_64/modules/langs/python/3.10/lib/python3.10/asyncio/base_events.py", line 821, in run_in_executor
    executor.submit(func, *args), loop=self)
  File "/global/software/sl-7.x86_64/modules/langs/python/3.10/lib/python3.10/concurrent/futures/thread.py", line 167, in submit
    raise RuntimeError('cannot schedule new futures after shutdown')
RuntimeError: cannot schedule new futures after shutdown
cannot schedule new futures after shutdown
Traceback (most recent call last):
  File "/global/software/sl-7.x86_64/modules/langs/python/3.10/lib/python3.10/site-packages/distributed/comm/tcp.py", line 223, in read
    frames_nbytes = await stream.read_bytes(fmt_size)
tornado.iostream.StreamClosedError: Stream is closed

The above exception was the direct cause of the following exception:

Traceback (most recent call last):
  File "/global/software/sl-7.x86_64/modules/langs/python/3.10/lib/python3.10/site-packages/distributed/client.py", line 1392, in _handle_report
    msgs = await self.scheduler_comm.comm.read()
  File "/global/software/sl-7.x86_64/modules/langs/python/3.10/lib/python3.10/site-packages/distributed/comm/tcp.py", line 239, in read
    convert_stream_closed_error(self, e)
  File "/global/software/sl-7.x86_64/modules/langs/python/3.10/lib/python3.10/site-packages/distributed/comm/tcp.py", line 144, in convert_stream_closed_error
    raise CommClosedError(f"in {obj}: {exc}") from exc
distributed.comm.core.CommClosedError: in <TCP (closed) Client->Scheduler local=tcp://127.0.0.1:46270 remote=tcp://127.0.0.1:34932>: Stream is closed

During handling of the above exception, another exception occurred:

Traceback (most recent call last):
  File "/global/software/sl-7.x86_64/modules/langs/python/3.10/lib/python3.10/site-packages/distributed/utils.py", line 778, in wrapper
    return await func(*args, **kwargs)
  File "/global/software/sl-7.x86_64/modules/langs/python/3.10/lib/python3.10/site-packages/distributed/client.py", line 1400, in _handle_report
    await self._reconnect()
  File "/global/software/sl-7.x86_64/modules/langs/python/3.10/lib/python3.10/site-packages/distributed/utils.py", line 778, in wrapper
    return await func(*args, **kwargs)
  File "/global/software/sl-7.x86_64/modules/langs/python/3.10/lib/python3.10/site-packages/distributed/client.py", line 1211, in _reconnect
    await self._ensure_connected(timeout=timeout)
  File "/global/software/sl-7.x86_64/modules/langs/python/3.10/lib/python3.10/site-packages/distributed/client.py", line 1241, in _ensure_connected
    comm = await connect(
  File "/global/software/sl-7.x86_64/modules/langs/python/3.10/lib/python3.10/site-packages/distributed/comm/core.py", line 291, in connect
    comm = await asyncio.wait_for(
  File "/global/software/sl-7.x86_64/modules/langs/python/3.10/lib/python3.10/asyncio/tasks.py", line 445, in wait_for
    return fut.result()
  File "/global/software/sl-7.x86_64/modules/langs/python/3.10/lib/python3.10/site-packages/distributed/comm/tcp.py", line 449, in connect
    stream = await self.client.connect(
  File "/global/software/sl-7.x86_64/modules/langs/python/3.10/lib/python3.10/site-packages/tornado/tcpclient.py", line 265, in connect
    addrinfo = await self.resolver.resolve(host, port, af)
  File "/global/software/sl-7.x86_64/modules/langs/python/3.10/lib/python3.10/site-packages/distributed/comm/tcp.py", line 434, in resolve
    for fam, _, _, _, address in await asyncio.get_running_loop().getaddrinfo(
  File "/global/software/sl-7.x86_64/modules/langs/python/3.10/lib/python3.10/asyncio/base_events.py", line 863, in getaddrinfo
    return await self.run_in_executor(
  File "/global/software/sl-7.x86_64/modules/langs/python/3.10/lib/python3.10/asyncio/base_events.py", line 821, in run_in_executor
    executor.submit(func, *args), loop=self)
  File "/global/software/sl-7.x86_64/modules/langs/python/3.10/lib/python3.10/concurrent/futures/thread.py", line 167, in submit
    raise RuntimeError('cannot schedule new futures after shutdown')
RuntimeError: cannot schedule new futures after shutdown
2024-04-02 14:28:23,222 - distributed.client - ERROR - cannot schedule new futures after shutdown
Traceback (most recent call last):
  File "/global/software/sl-7.x86_64/modules/langs/python/3.10/lib/python3.10/site-packages/distributed/comm/tcp.py", line 223, in read
    frames_nbytes = await stream.read_bytes(fmt_size)
tornado.iostream.StreamClosedError: Stream is closed

The above exception was the direct cause of the following exception:

Traceback (most recent call last):
  File "/global/software/sl-7.x86_64/modules/langs/python/3.10/lib/python3.10/site-packages/distributed/client.py", line 1392, in _handle_report
    msgs = await self.scheduler_comm.comm.read()
  File "/global/software/sl-7.x86_64/modules/langs/python/3.10/lib/python3.10/site-packages/distributed/comm/tcp.py", line 239, in read
    convert_stream_closed_error(self, e)
  File "/global/software/sl-7.x86_64/modules/langs/python/3.10/lib/python3.10/site-packages/distributed/comm/tcp.py", line 144, in convert_stream_closed_error
    raise CommClosedError(f"in {obj}: {exc}") from exc
distributed.comm.core.CommClosedError: in <TCP (closed) Client->Scheduler local=tcp://127.0.0.1:46270 remote=tcp://127.0.0.1:34932>: Stream is closed

During handling of the above exception, another exception occurred:

Traceback (most recent call last):
  File "/global/software/sl-7.x86_64/modules/langs/python/3.10/lib/python3.10/site-packages/distributed/client.py", line 1520, in _close
    await asyncio.wait_for(asyncio.shield(handle_report_task), 0.1)
  File "/global/software/sl-7.x86_64/modules/langs/python/3.10/lib/python3.10/asyncio/tasks.py", line 445, in wait_for
    return fut.result()
  File "/global/software/sl-7.x86_64/modules/langs/python/3.10/lib/python3.10/site-packages/distributed/utils.py", line 778, in wrapper
    return await func(*args, **kwargs)
  File "/global/software/sl-7.x86_64/modules/langs/python/3.10/lib/python3.10/site-packages/distributed/client.py", line 1400, in _handle_report
    await self._reconnect()
  File "/global/software/sl-7.x86_64/modules/langs/python/3.10/lib/python3.10/site-packages/distributed/utils.py", line 778, in wrapper
    return await func(*args, **kwargs)
  File "/global/software/sl-7.x86_64/modules/langs/python/3.10/lib/python3.10/site-packages/distributed/client.py", line 1211, in _reconnect
    await self._ensure_connected(timeout=timeout)
  File "/global/software/sl-7.x86_64/modules/langs/python/3.10/lib/python3.10/site-packages/distributed/client.py", line 1241, in _ensure_connected
    comm = await connect(
  File "/global/software/sl-7.x86_64/modules/langs/python/3.10/lib/python3.10/site-packages/distributed/comm/core.py", line 291, in connect
    comm = await asyncio.wait_for(
  File "/global/software/sl-7.x86_64/modules/langs/python/3.10/lib/python3.10/asyncio/tasks.py", line 445, in wait_for
    return fut.result()
  File "/global/software/sl-7.x86_64/modules/langs/python/3.10/lib/python3.10/site-packages/distributed/comm/tcp.py", line 449, in connect
    stream = await self.client.connect(
  File "/global/software/sl-7.x86_64/modules/langs/python/3.10/lib/python3.10/site-packages/tornado/tcpclient.py", line 265, in connect
    addrinfo = await self.resolver.resolve(host, port, af)
  File "/global/software/sl-7.x86_64/modules/langs/python/3.10/lib/python3.10/site-packages/distributed/comm/tcp.py", line 434, in resolve
    for fam, _, _, _, address in await asyncio.get_running_loop().getaddrinfo(
  File "/global/software/sl-7.x86_64/modules/langs/python/3.10/lib/python3.10/asyncio/base_events.py", line 863, in getaddrinfo
    return await self.run_in_executor(
  File "/global/software/sl-7.x86_64/modules/langs/python/3.10/lib/python3.10/asyncio/base_events.py", line 821, in run_in_executor
    executor.submit(func, *args), loop=self)
  File "/global/software/sl-7.x86_64/modules/langs/python/3.10/lib/python3.10/concurrent/futures/thread.py", line 167, in submit
    raise RuntimeError('cannot schedule new futures after shutdown')
RuntimeError: cannot schedule new futures after shutdown
