Running simulation w/ ws = -5.833333e-05 and Px0 = 1.416667e-01
Running simulation w/ ws = -5.833333e-05 and Px0 = 2.000000e-08
Running simulation w/ ws = -4.166667e-05 and Px0 = 8.333335e-02
Running simulation w/ ws = 1.000000e-04 and Px0 = 8.333335e-02
160.84116196632385
Running simulation w/ ws = -1.666667e-05 and Px0 = 2.000000e-01
161.02473640441895
Running simulation w/ ws = -8.333333e-05 and Px0 = 9.166668e-02
162.40366888046265
Running simulation w/ ws = 7.500000e-05 and Px0 = 1.666669e-02
162.46276760101318
Running simulation w/ ws = -3.333333e-05 and Px0 = 1.333333e-01
160.22032594680786
Running simulation w/ ws = 2.500000e-05 and Px0 = 5.000002e-02
159.28416872024536
160.37570357322693
161.88575720787048
30.140558004379272
Running simulation w/ ws = -5.000000e-05 and Px0 = 2.000000e-08
Running simulation w/ ws = -4.166667e-05 and Px0 = 5.833335e-02
Running simulation w/ ws = -8.333333e-05 and Px0 = 1.250000e-01
Running simulation w/ ws = -5.833333e-05 and Px0 = 1.666667e-01
158.4723391532898
Running simulation w/ ws = -7.500000e-05 and Px0 = 1.250000e-01
160.75246691703796
Running simulation w/ ws = 5.000000e-05 and Px0 = 1.333333e-01
160.8896839618683
Running simulation w/ ws = 8.333333e-05 and Px0 = 2.000000e-08
170.52195525169373
Running simulation w/ ws = 1.000000e-04 and Px0 = 1.833333e-01
160.72762846946716
Running simulation w/ ws = -5.000000e-05 and Px0 = 1.583333e-01
162.23574995994568
162.75862383842468
156.45204186439514
34.41618847846985
Running simulation w/ ws = 6.666667e-05 and Px0 = 1.500000e-01
Running simulation w/ ws = -1.000000e-04 and Px0 = 1.750000e-01
Running simulation w/ ws = -1.666667e-05 and Px0 = 1.666669e-02
Running simulation w/ ws = 7.500000e-05 and Px0 = 1.166667e-01
154.71710920333862
154.75427651405334
Running simulation w/ ws = 2.500000e-05 and Px0 = 2.000000e-01
Running simulation w/ ws = -1.000000e-04 and Px0 = 1.416667e-01
167.1369502544403
Running simulation w/ ws = 8.333333e-06 and Px0 = 9.166668e-02
167.61477136611938
Running simulation w/ ws = 7.500000e-05 and Px0 = 3.333335e-02
158.86309623718262
Running simulation w/ ws = -5.833333e-05 and Px0 = 6.666668e-02
159.47944021224976
Running simulation w/ ws = -7.500000e-05 and Px0 = 6.666668e-02
157.29424595832825
158.92752933502197
70.6162428855896
71.66308641433716
Running simulation w/ ws = -1.000000e-04 and Px0 = 1.666667e-01
Running simulation w/ ws = -1.000000e-04 and Px0 = 1.833333e-01
Running simulation w/ ws = -7.500000e-05 and Px0 = 2.000000e-08
Running simulation w/ ws = 9.166667e-05 and Px0 = 1.083333e-01
160.01388335227966
Running simulation w/ ws = -8.333333e-05 and Px0 = 2.000000e-01
163.05320644378662
Running simulation w/ ws = 3.333333e-05 and Px0 = 6.666668e-02
163.19478178024292
Running simulation w/ ws = 9.166667e-05 and Px0 = 1.333333e-01
163.89989733695984
Running simulation w/ ws = 8.333333e-05 and Px0 = 4.166668e-02
162.62987089157104
159.5448932647705
160.48065280914307
160.48778748512268
Running simulation w/ ws = 1.666667e-05 and Px0 = 6.666668e-02
Running simulation w/ ws = -1.666667e-05 and Px0 = 1.750000e-01
Running simulation w/ ws = -6.666667e-05 and Px0 = 1.916667e-01
Running simulation w/ ws = -5.000000e-05 and Px0 = 1.250000e-01
161.9716033935547
161.98468947410583
Running simulation w/ ws = -1.666667e-05 and Px0 = 7.500001e-02
Running simulation w/ ws = -9.166667e-05 and Px0 = 1.666667e-01
162.87693452835083
Running simulation w/ ws = 4.166667e-05 and Px0 = 2.000000e-01
162.99817752838135
Running simulation w/ ws = 5.000000e-05 and Px0 = 9.166668e-02
161.4710295200348
161.60004830360413
161.00289225578308
161.2126009464264
Running simulation w/ ws = -1.000000e-04 and Px0 = 2.000000e-08
Running simulation w/ ws = -3.333333e-05 and Px0 = 1.000000e-01
Running simulation w/ ws = -5.000000e-05 and Px0 = 9.166668e-02
Running simulation w/ ws = -5.000000e-05 and Px0 = 8.333353e-03
160.94630336761475
Running simulation w/ ws = -7.500000e-05 and Px0 = 2.000000e-01
162.05648183822632
Running simulation w/ ws = 5.833333e-05 and Px0 = 1.750000e-01
162.94032621383667
Running simulation w/ ws = -7.500000e-05 and Px0 = 8.333335e-02
163.148339509964
Running simulation w/ ws = -8.333333e-06 and Px0 = 1.416667e-01
161.08358812332153
160.486394405365
159.51086258888245
160.16499757766724
Running simulation w/ ws = 3.333333e-05 and Px0 = 1.666667e-01
Running simulation w/ ws = -6.666667e-05 and Px0 = 1.833333e-01
Running simulation w/ ws = -8.333333e-06 and Px0 = 9.166668e-02
Running simulation w/ ws = 5.833333e-05 and Px0 = 1.916667e-01
150.62087059020996
Running simulation w/ ws = 9.166667e-05 and Px0 = 9.166668e-02
151.4752233028412
Running simulation w/ ws = -7.500000e-05 and Px0 = 1.500000e-01
167.52047657966614
Running simulation w/ ws = -1.666667e-05 and Px0 = 1.166667e-01
168.76394820213318
Running simulation w/ ws = -8.333333e-05 and Px0 = 6.666668e-02
159.96025013923645
Running simulation w/ ws = 8.333333e-05 and Px0 = 1.416667e-01
162.55207562446594
Running simulation w/ ws = -1.000000e-04 and Px0 = 1.333333e-01
159.426903963089
160.75418877601624
74.6972393989563
73.76284265518188
Running simulation w/ ws = -2.500000e-05 and Px0 = 5.000002e-02
Running simulation w/ ws = 0.000000e+00 and Px0 = 3.333335e-02
Running simulation w/ ws = 7.500000e-05 and Px0 = 2.000000e-01
Running simulation w/ ws = 0.000000e+00 and Px0 = 8.333353e-03
149.14876675605774
Running simulation w/ ws = -1.666667e-05 and Px0 = 1.416667e-01
155.33903765678406
Running simulation w/ ws = -5.833333e-05 and Px0 = 1.250000e-01
165.88736581802368
Running simulation w/ ws = -8.333333e-05 and Px0 = 1.666667e-01
170.15733337402344
Running simulation w/ ws = -5.000000e-05 and Px0 = 1.416667e-01
158.76111721992493
Running simulation w/ ws = -1.000000e-04 and Px0 = 1.583333e-01
157.36520314216614
Running simulation w/ ws = 9.166667e-05 and Px0 = 1.916667e-01
159.32199907302856
159.06952285766602
73.1168999671936
77.90376091003418
Running simulation w/ ws = 3.333333e-05 and Px0 = 2.500002e-02
Running simulation w/ ws = 1.666667e-05 and Px0 = 1.416667e-01
Running simulation w/ ws = -4.166667e-05 and Px0 = 9.166668e-02
Running simulation w/ ws = 8.333333e-06 and Px0 = 5.000002e-02
156.52880930900574
Running simulation w/ ws = 1.000000e-04 and Px0 = 5.000002e-02
160.52784752845764
Running simulation w/ ws = 9.166667e-05 and Px0 = 8.333335e-02
166.08953881263733
Running simulation w/ ws = -5.000000e-05 and Px0 = 5.000002e-02
166.47384572029114
Running simulation w/ ws = -8.333333e-05 and Px0 = 8.333335e-02
160.24681901931763
Running simulation w/ ws = 3.333333e-05 and Px0 = 1.000000e-01
163.12291884422302
160.72036027908325
161.185533285141
36.97656273841858
Running simulation w/ ws = 8.333333e-06 and Px0 = 2.000000e-08
Running simulation w/ ws = -7.500000e-05 and Px0 = 8.333353e-03
Running simulation w/ ws = 5.833333e-05 and Px0 = 4.166668e-02
Running simulation w/ ws = 1.666667e-05 and Px0 = 1.333333e-01
158.36125993728638
Running simulation w/ ws = -8.333333e-06 and Px0 = 8.333353e-03
159.06539630889893
Running simulation w/ ws = 6.666667e-05 and Px0 = 1.250000e-01
161.77065086364746
161.79725861549377
Running simulation w/ ws = 5.833333e-05 and Px0 = 1.416667e-01
Running simulation w/ ws = -9.166667e-05 and Px0 = 1.666669e-02
160.14630842208862
Running simulation w/ ws = -8.333333e-06 and Px0 = 1.000000e-01
161.1921582221985
Running simulation w/ ws = 5.000000e-05 and Px0 = 4.166668e-02
160.01475858688354
161.21427178382874
63.725138425827026
66.33313727378845
Running simulation w/ ws = 5.833333e-05 and Px0 = 8.333335e-02
Running simulation w/ ws = -6.666667e-05 and Px0 = 9.166668e-02
Running simulation w/ ws = -1.666667e-05 and Px0 = 1.333333e-01
Running simulation w/ ws = 5.833333e-05 and Px0 = 5.833335e-02
152.53305912017822
Running simulation w/ ws = 6.666667e-05 and Px0 = 1.750000e-01
165.0327775478363
Running simulation w/ ws = 9.166667e-05 and Px0 = 6.666668e-02
165.25832056999207
Running simulation w/ ws = 5.833333e-05 and Px0 = 1.333333e-01
165.715580701828
Running simulation w/ ws = 0.000000e+00 and Px0 = 1.833333e-01
162.50453448295593
Running simulation w/ ws = 3.333333e-05 and Px0 = 8.333353e-03
159.82928776741028
160.29400181770325
160.43230891227722
37.3264639377594
Running simulation w/ ws = -2.500000e-05 and Px0 = 1.416667e-01
Running simulation w/ ws = 8.333333e-06 and Px0 = 1.250000e-01
Running simulation w/ ws = 4.166667e-05 and Px0 = 1.166667e-01
Running simulation w/ ws = 5.000000e-05 and Px0 = 8.333335e-02
159.00934410095215
Running simulation w/ ws = -8.333333e-05 and Px0 = 3.333335e-02
161.6351659297943
Running simulation w/ ws = -8.333333e-05 and Px0 = 1.416667e-01
162.77393746376038
162.82098126411438
Running simulation w/ ws = 9.166667e-05 and Px0 = 3.333335e-02
Running simulation w/ ws = 7.500000e-05 and Px0 = 1.416667e-01
158.8506579399109
162.6998393535614
Running simulation w/ ws = 6.666667e-05 and Px0 = 1.166667e-01
160.30670928955078
159.23951697349548
29.040711402893066
Running simulation w/ ws = -5.833333e-05 and Px0 = 1.750000e-01
Running simulation w/ ws = -8.333333e-06 and Px0 = 2.500002e-02
Running simulation w/ ws = 7.500000e-05 and Px0 = 8.333353e-03
Running simulation w/ ws = 6.666667e-05 and Px0 = 7.500001e-02
154.3457806110382
Running simulation w/ ws = -1.666667e-05 and Px0 = 1.833333e-01
154.8785662651062
Running simulation w/ ws = 6.666667e-05 and Px0 = 1.833333e-01
156.6355369091034
Running simulation w/ ws = -8.333333e-06 and Px0 = 2.000000e-01
172.2047142982483
Running simulation w/ ws = 4.166667e-05 and Px0 = 3.333335e-02
156.4382152557373
Running simulation w/ ws = -9.166667e-05 and Px0 = 3.333335e-02
159.35703110694885
Running simulation w/ ws = -8.333333e-06 and Px0 = 5.000002e-02
161.16477823257446
Running simulation w/ ws = -6.666667e-05 and Px0 = 5.000002e-02
157.1962742805481
99.63879656791687
103.516756772995
101.10954713821411
Running simulation w/ ws = -1.000000e-04 and Px0 = 6.666668e-02
Running simulation w/ ws = -1.666667e-05 and Px0 = 1.916667e-01
Running simulation w/ ws = -4.166667e-05 and Px0 = 1.500000e-01
Running simulation w/ ws = 5.000000e-05 and Px0 = 1.833333e-01
158.96199369430542
Running simulation w/ ws = -8.333333e-06 and Px0 = 1.250000e-01
161.49280858039856
Running simulation w/ ws = -4.166667e-05 and Px0 = 5.000002e-02
161.81234622001648
Running simulation w/ ws = -2.500000e-05 and Px0 = 5.833335e-02
165.07524466514587
Running simulation w/ ws = -1.666667e-05 and Px0 = 8.333353e-03
161.2160542011261
Running simulation w/ ws = 0.000000e+00 and Px0 = 1.416667e-01
161.17091631889343
163.00134658813477
160.59907841682434
33.201197147369385
Running simulation w/ ws = -6.666667e-05 and Px0 = 8.333335e-02
Running simulation w/ ws = 9.166667e-05 and Px0 = 4.166668e-02
Running simulation w/ ws = 4.166667e-05 and Px0 = 1.583333e-01
Running simulation w/ ws = -8.333333e-05 and Px0 = 1.750000e-01
157.17014002799988
Running simulation w/ ws = 1.666667e-05 and Px0 = 3.333335e-02
160.56022381782532
Running simulation w/ ws = 6.666667e-05 and Px0 = 1.333333e-01
161.1551821231842
Running simulation w/ ws = 2.500000e-05 and Px0 = 1.333333e-01
161.57508420944214
Running simulation w/ ws = 5.000000e-05 and Px0 = 2.500002e-02
158.97699999809265
Running simulation w/ ws = 2.500000e-05 and Px0 = 7.500001e-02
158.44406962394714
158.98469829559326
Running simulation w/ ws = 0.000000e+00 and Px0 = 1.666669e-02
Running simulation w/ ws = 5.833333e-05 and Px0 = 1.666669e-02
160.38537406921387
102.864914894104
100.66928172111511
100.153653383255
Running simulation w/ ws = 8.333333e-06 and Px0 = 1.000000e-01
Running simulation w/ ws = 0.000000e+00 and Px0 = 1.166667e-01
Running simulation w/ ws = 4.166667e-05 and Px0 = 1.000000e-01
Running simulation w/ ws = 5.833333e-05 and Px0 = 6.666668e-02
161.5586531162262
Running simulation w/ ws = -1.000000e-04 and Px0 = 5.833335e-02
162.94931149482727
Running simulation w/ ws = -8.333333e-05 and Px0 = 7.500001e-02
163.42598462104797
Running simulation w/ ws = 9.166667e-05 and Px0 = 1.750000e-01
164.61626195907593
Running simulation w/ ws = -7.500000e-05 and Px0 = 1.666667e-01
161.04550695419312
161.06766867637634
164.11298632621765
162.37232732772827
Running simulation w/ ws = 7.500000e-05 and Px0 = 1.333333e-01
Running simulation w/ ws = -2.500000e-05 and Px0 = 3.333335e-02
Running simulation w/ ws = 3.333333e-05 and Px0 = 4.166668e-02
Running simulation w/ ws = -5.000000e-05 and Px0 = 2.500002e-02
160.76235961914062
Running simulation w/ ws = 1.666667e-05 and Px0 = 8.333353e-03
160.93989944458008
Running simulation w/ ws = -3.333333e-05 and Px0 = 6.666668e-02
161.81848764419556
Running simulation w/ ws = -6.666667e-05 and Px0 = 5.833335e-02
163.329735994339
Running simulation w/ ws = 6.666667e-05 and Px0 = 3.333335e-02
160.2927553653717
Running simulation w/ ws = -2.500000e-05 and Px0 = 1.916667e-01
160.92693281173706
162.5108196735382
160.19811296463013
30.87917709350586
Running simulation w/ ws = 9.166667e-05 and Px0 = 2.000000e-08
Running simulation w/ ws = -5.000000e-05 and Px0 = 4.166668e-02
Running simulation w/ ws = -5.833333e-05 and Px0 = 1.083333e-01
Running simulation w/ ws = 0.000000e+00 and Px0 = 5.000002e-02
157.48717522621155
Running simulation w/ ws = 4.166667e-05 and Px0 = 1.250000e-01
157.78766870498657
Running simulation w/ ws = -9.166667e-05 and Px0 = 1.083333e-01
161.03048467636108
Running simulation w/ ws = -9.166667e-05 and Px0 = 9.166668e-02
165.0808289051056
Running simulation w/ ws = 1.000000e-04 and Px0 = 1.666669e-02
158.73078107833862
Running simulation w/ ws = 0.000000e+00 and Px0 = 1.083333e-01
159.22176837921143
Running simulation w/ ws = 1.666667e-05 and Px0 = 1.166667e-01
160.7525188922882
158.73514819145203
65.91735649108887
69.39544773101807
Running simulation w/ ws = 3.333333e-05 and Px0 = 3.333335e-02
Running simulation w/ ws = -8.333333e-06 and Px0 = 1.666667e-01
Running simulation w/ ws = -5.000000e-05 and Px0 = 8.333335e-02
Running simulation w/ ws = 0.000000e+00 and Px0 = 1.250000e-01
153.58278393745422
Running simulation w/ ws = 7.500000e-05 and Px0 = 1.916667e-01
158.66054129600525
Running simulation w/ ws = 3.333333e-05 and Px0 = 1.916667e-01
162.16889905929565
Running simulation w/ ws = 8.333333e-06 and Px0 = 1.750000e-01
170.06873631477356
Running simulation w/ ws = -3.333333e-05 and Px0 = 2.000000e-08
160.24149870872498
Running simulation w/ ws = -1.000000e-04 and Px0 = 4.166668e-02
158.42137622833252
Running simulation w/ ws = -2.500000e-05 and Px0 = 1.666669e-02
159.5656545162201
158.09738779067993
73.321040391922
70.86200165748596
Running simulation w/ ws = 9.166667e-05 and Px0 = 5.833335e-02
Running simulation w/ ws = -5.000000e-05 and Px0 = 1.750000e-01
Running simulation w/ ws = -2.500000e-05 and Px0 = 9.166668e-02
Running simulation w/ ws = 8.333333e-05 and Px0 = 1.166667e-01
152.10109305381775
Running simulation w/ ws = 8.333333e-05 and Px0 = 2.000000e-01
157.76194047927856
Running simulation w/ ws = -5.000000e-05 and Px0 = 7.500001e-02
164.56790256500244
Running simulation w/ ws = 5.000000e-05 and Px0 = 2.000000e-01
166.19967699050903
Running simulation w/ ws = -8.333333e-05 and Px0 = 5.000002e-02
156.51303839683533
Running simulation w/ ws = -5.833333e-05 and Px0 = 2.000000e-01
156.42753839492798
Running simulation w/ ws = -2.500000e-05 and Px0 = 1.250000e-01
157.10961031913757
175.3717303276062
72.91336226463318
67.42721056938171
Running simulation w/ ws = 4.166667e-05 and Px0 = 1.833333e-01
Running simulation w/ ws = 0.000000e+00 and Px0 = 7.500001e-02
Running simulation w/ ws = -6.666667e-05 and Px0 = 1.583333e-01
Running simulation w/ ws = 1.000000e-04 and Px0 = 1.416667e-01
160.49380731582642
Running simulation w/ ws = -4.166667e-05 and Px0 = 7.500001e-02
161.61713528633118
Running simulation w/ ws = 2.500000e-05 and Px0 = 1.666669e-02
161.71520161628723
Running simulation w/ ws = 1.000000e-04 and Px0 = 8.333353e-03
162.405864238739
Running simulation w/ ws = -6.666667e-05 and Px0 = 1.666667e-01
160.964519739151
Running simulation w/ ws = -8.333333e-05 and Px0 = 1.833333e-01
160.67792105674744
159.94827890396118
160.7983582019806
30.115827560424805
Running simulation w/ ws = -8.333333e-05 and Px0 = 1.666669e-02
Running simulation w/ ws = -8.333333e-06 and Px0 = 5.833335e-02
Running simulation w/ ws = 8.333333e-06 and Px0 = 1.916667e-01
Running simulation w/ ws = -6.666667e-05 and Px0 = 1.666669e-02
156.3007550239563
Running simulation w/ ws = -3.333333e-05 and Px0 = 5.000002e-02
158.32196259498596
Running simulation w/ ws = -5.000000e-05 and Px0 = 1.500000e-01
159.5889012813568
Running simulation w/ ws = -3.333333e-05 and Px0 = 1.666669e-02
169.9418842792511
Running simulation w/ ws = -8.333333e-05 and Px0 = 8.333353e-03
149.1684753894806
Running simulation w/ ws = -7.500000e-05 and Px0 = 1.833333e-01
166.35084533691406
166.0014624595642
165.70794796943665
33.49255657196045
Running simulation w/ ws = 2.500000e-05 and Px0 = 6.666668e-02
Running simulation w/ ws = 2.500000e-05 and Px0 = 2.000000e-08
Running simulation w/ ws = 1.000000e-04 and Px0 = 1.666667e-01
Running simulation w/ ws = 5.000000e-05 and Px0 = 1.583333e-01
157.12812423706055
Running simulation w/ ws = 3.333333e-05 and Px0 = 5.833335e-02
162.26162767410278
Running simulation w/ ws = -1.666667e-05 and Px0 = 8.333335e-02
162.8506257534027
Running simulation w/ ws = -5.833333e-05 and Px0 = 2.500002e-02
163.15089344978333
Running simulation w/ ws = -6.666667e-05 and Px0 = 4.166668e-02
160.38460779190063
Running simulation w/ ws = 1.000000e-04 and Px0 = 7.500001e-02
160.11119842529297
161.31407380104065
160.90439248085022
33.46276783943176
Running simulation w/ ws = 0.000000e+00 and Px0 = 1.333333e-01
Running simulation w/ ws = -7.500000e-05 and Px0 = 1.416667e-01
Running simulation w/ ws = -1.000000e-04 and Px0 = 7.500001e-02
Running simulation w/ ws = 8.333333e-05 and Px0 = 7.500001e-02
155.9814383983612
Running simulation w/ ws = 9.166667e-05 and Px0 = 1.666669e-02
161.63197350502014
Running simulation w/ ws = 1.000000e-04 and Px0 = 1.916667e-01
162.09123349189758
Running simulation w/ ws = -4.166667e-05 and Px0 = 2.000000e-01
162.92292976379395
Running simulation w/ ws = 7.500000e-05 and Px0 = 8.333335e-02
161.18906807899475
Running simulation w/ ws = 7.500000e-05 and Px0 = 4.166668e-02
162.15424823760986
161.5114574432373
162.3934075832367
34.17297148704529
Running simulation w/ ws = 4.166667e-05 and Px0 = 7.500001e-02
Running simulation w/ ws = 5.000000e-05 and Px0 = 6.666668e-02
Running simulation w/ ws = -5.833333e-05 and Px0 = 1.583333e-01
Running simulation w/ ws = 7.500000e-05 and Px0 = 1.750000e-01
160.15579652786255
Running simulation w/ ws = 2.500000e-05 and Px0 = 1.500000e-01
160.66455340385437
Running simulation w/ ws = 4.166667e-05 and Px0 = 1.416667e-01
160.91536164283752
Running simulation w/ ws = 8.333333e-05 and Px0 = 2.500002e-02
161.10388946533203
Running simulation w/ ws = 3.333333e-05 and Px0 = 1.666669e-02
157.3949489593506
157.60427689552307
Running simulation w/ ws = 8.333333e-06 and Px0 = 8.333335e-02
Running simulation w/ ws = 8.333333e-06 and Px0 = 4.166668e-02
159.54420709609985
159.9973177909851
Running simulation w/ ws = 6.666667e-05 and Px0 = 8.333335e-02
Running simulation w/ ws = -6.666667e-05 and Px0 = 2.000000e-08
120.15962624549866
130.0525324344635
129.55660796165466
130.65706205368042
Running simulation w/ ws = -2.500000e-05 and Px0 = 2.000000e-01
Running simulation w/ ws = -4.166667e-05 and Px0 = 2.500002e-02
Running simulation w/ ws = -3.333333e-05 and Px0 = 1.416667e-01
Running simulation w/ ws = -8.333333e-06 and Px0 = 4.166668e-02
161.1532506942749
Running simulation w/ ws = -5.833333e-05 and Px0 = 1.166667e-01
162.64128375053406
Running simulation w/ ws = -9.166667e-05 and Px0 = 5.833335e-02
163.50268459320068
Running simulation w/ ws = 9.166667e-05 and Px0 = 1.500000e-01
164.72694277763367
Running simulation w/ ws = 4.166667e-05 and Px0 = 1.500000e-01
160.43551230430603
162.0036039352417
160.5198094844818
159.6011290550232
Running simulation w/ ws = 7.500000e-05 and Px0 = 1.250000e-01
Running simulation w/ ws = -5.833333e-05 and Px0 = 1.833333e-01
Running simulation w/ ws = -3.333333e-05 and Px0 = 1.250000e-01
Running simulation w/ ws = 3.333333e-05 and Px0 = 9.166668e-02
156.52154803276062
Running simulation w/ ws = -5.000000e-05 and Px0 = 1.083333e-01
157.651953458786
Running simulation w/ ws = 3.333333e-05 and Px0 = 1.750000e-01
159.89734864234924
Running simulation w/ ws = 4.166667e-05 and Px0 = 2.500002e-02
163.20708680152893
Running simulation w/ ws = 1.666667e-05 and Px0 = 1.083333e-01
160.89109563827515
Running simulation w/ ws = 9.166667e-05 and Px0 = 5.000002e-02
159.87215495109558
Running simulation w/ ws = 1.000000e-04 and Px0 = 9.166668e-02
160.92902541160583
Running simulation w/ ws = 8.333333e-06 and Px0 = 2.500002e-02
158.67464017868042
97.004474401474
101.86960315704346
102.11643147468567
Running simulation w/ ws = 1.000000e-04 and Px0 = 1.500000e-01
Running simulation w/ ws = 4.166667e-05 and Px0 = 5.000002e-02
Running simulation w/ ws = 5.000000e-05 and Px0 = 5.000002e-02
Running simulation w/ ws = -4.166667e-05 and Px0 = 3.333335e-02
158.83472752571106
Running simulation w/ ws = -1.666667e-05 and Px0 = 1.250000e-01
159.4148027896881
Running simulation w/ ws = 6.666667e-05 and Px0 = 6.666668e-02
161.6491425037384
Running simulation w/ ws = 1.666667e-05 and Px0 = 1.666667e-01
168.0561318397522
Running simulation w/ ws = 7.500000e-05 and Px0 = 7.500001e-02
161.6845302581787
Running simulation w/ ws = 5.000000e-05 and Px0 = 3.333335e-02
161.58962488174438
Running simulation w/ ws = 1.666667e-05 and Px0 = 4.166668e-02
162.05051493644714
157.8328800201416
67.0941059589386
67.6711094379425
Running simulation w/ ws = 5.833333e-05 and Px0 = 1.500000e-01
Running simulation w/ ws = -2.500000e-05 and Px0 = 1.500000e-01
Running simulation w/ ws = -8.333333e-06 and Px0 = 3.333335e-02
Running simulation w/ ws = -4.166667e-05 and Px0 = 1.000000e-01
158.99568128585815
Running simulation w/ ws = 3.333333e-05 and Px0 = 8.333335e-02
159.73780846595764
Running simulation w/ ws = -9.166667e-05 and Px0 = 1.916667e-01
161.08749675750732
Running simulation w/ ws = -4.166667e-05 and Px0 = 1.916667e-01
162.22847270965576
Running simulation w/ ws = 5.833333e-05 and Px0 = 2.000000e-08
158.08938455581665
Running simulation w/ ws = 4.166667e-05 and Px0 = 2.000000e-08
157.92781138420105
Running simulation w/ ws = 2.500000e-05 and Px0 = 8.333353e-03
159.88659477233887
161.21391201019287
Running simulation w/ ws = 8.333333e-06 and Px0 = 1.500000e-01
91.91045928001404
100.64058637619019
97.96315002441406
Running simulation w/ ws = 5.833333e-05 and Px0 = 1.000000e-01
Running simulation w/ ws = 5.000000e-05 and Px0 = 1.666667e-01
Running simulation w/ ws = 0.000000e+00 and Px0 = 8.333335e-02
Running simulation w/ ws = -4.166667e-05 and Px0 = 4.166668e-02
158.73115277290344
Running simulation w/ ws = 1.666667e-05 and Px0 = 1.583333e-01
160.69604444503784
Running simulation w/ ws = -6.666667e-05 and Px0 = 1.000000e-01
161.34780049324036
Running simulation w/ ws = -8.333333e-06 and Px0 = 1.916667e-01
161.42192792892456
Running simulation w/ ws = -6.666667e-05 and Px0 = 2.000000e-01
158.59290981292725
Running simulation w/ ws = -6.666667e-05 and Px0 = 1.250000e-01
159.76401114463806
Running simulation w/ ws = -5.833333e-05 and Px0 = 5.000002e-02
160.31923723220825
160.70132970809937
67.97953009605408
66.03292846679688
Running simulation w/ ws = 5.000000e-05 and Px0 = 7.500001e-02
Running simulation w/ ws = 3.333333e-05 and Px0 = 1.250000e-01
Running simulation w/ ws = 1.666667e-05 and Px0 = 2.500002e-02
Running simulation w/ ws = 1.666667e-05 and Px0 = 1.916667e-01
153.8356683254242
Running simulation w/ ws = 7.500000e-05 and Px0 = 1.583333e-01
155.8711347579956
Running simulation w/ ws = 9.166667e-05 and Px0 = 2.000000e-01
159.87793684005737
Running simulation w/ ws = 0.000000e+00 and Px0 = 2.000000e-01
171.4381241798401
Running simulation w/ ws = 3.333333e-05 and Px0 = 1.500000e-01
144.1440007686615
Running simulation w/ ws = 8.333333e-05 and Px0 = 1.833333e-01
164.69035124778748
Running simulation w/ ws = 5.833333e-05 and Px0 = 2.000000e-01
164.34806108474731
Running simulation w/ ws = -7.500000e-05 and Px0 = 9.166668e-02
167.37456011772156
94.74452757835388
100.08626341819763
99.89656782150269
Running simulation w/ ws = -4.166667e-05 and Px0 = 2.000000e-08
Running simulation w/ ws = -4.166667e-05 and Px0 = 1.083333e-01
Running simulation w/ ws = -9.166667e-05 and Px0 = 5.000002e-02
Running simulation w/ ws = 4.166667e-05 and Px0 = 1.916667e-01
158.64441561698914
Running simulation w/ ws = 1.000000e-04 and Px0 = 4.166668e-02
159.6710114479065
Running simulation w/ ws = 3.333333e-05 and Px0 = 2.000000e-08
163.18589973449707
Running simulation w/ ws = -7.500000e-05 and Px0 = 1.583333e-01
166.05405163764954
Running simulation w/ ws = 6.666667e-05 and Px0 = 1.916667e-01
158.35014748573303
Running simulation w/ ws = 8.333333e-05 and Px0 = 1.250000e-01
160.10178923606873
Running simulation w/ ws = 1.000000e-04 and Px0 = 2.000000e-01
160.00349044799805
158.87438678741455
66.7027862071991
66.32437372207642
Running simulation w/ ws = 3.333333e-05 and Px0 = 7.500001e-02
Running simulation w/ ws = 4.166667e-05 and Px0 = 6.666668e-02
Running simulation w/ ws = -1.000000e-04 and Px0 = 1.166667e-01
Running simulation w/ ws = 5.000000e-05 and Px0 = 1.000000e-01
159.8177571296692
Running simulation w/ ws = 1.666667e-05 and Px0 = 1.000000e-01
159.9500753879547
Running simulation w/ ws = 5.833333e-05 and Px0 = 8.333353e-03
160.47845339775085
Running simulation w/ ws = -5.000000e-05 and Px0 = 2.000000e-01
162.74435544013977
Running simulation w/ ws = 4.166667e-05 and Px0 = 1.666669e-02
160.70989346504211
Running simulation w/ ws = 6.666667e-05 and Px0 = 5.000002e-02
161.01953864097595
Running simulation w/ ws = 9.166667e-05 and Px0 = 1.833333e-01
161.32397365570068
159.64269828796387
66.92626309394836
67.10785961151123
Running simulation w/ ws = 1.666667e-05 and Px0 = 8.333335e-02
Running simulation w/ ws = 8.333333e-05 and Px0 = 8.333353e-03
Running simulation w/ ws = -2.500000e-05 and Px0 = 1.833333e-01
Running simulation w/ ws = 8.333333e-05 and Px0 = 3.333335e-02
155.36822628974915
Running simulation w/ ws = -2.500000e-05 and Px0 = 1.333333e-01
155.88253498077393
Running simulation w/ ws = -5.833333e-05 and Px0 = 1.000000e-01
161.1860957145691
Running simulation w/ ws = 5.833333e-05 and Px0 = 1.666667e-01
170.9272210597992
Running simulation w/ ws = -1.666667e-05 and Px0 = 9.166668e-02
160.16908407211304
Running simulation w/ ws = 1.000000e-04 and Px0 = 6.666668e-02
160.1306450366974
Running simulation w/ ws = -5.000000e-05 and Px0 = 1.916667e-01
159.12033104896545
Running simulation w/ ws = 1.666667e-05 and Px0 = 1.833333e-01
159.18158674240112
89.83466100692749
104.13075923919678
105.31384515762329
Running simulation w/ ws = 4.166667e-05 and Px0 = 1.083333e-01
Running simulation w/ ws = -6.666667e-05 and Px0 = 1.083333e-01
Running simulation w/ ws = 7.500000e-05 and Px0 = 1.833333e-01
Running simulation w/ ws = -2.500000e-05 and Px0 = 1.750000e-01
158.11879754066467
Running simulation w/ ws = 3.333333e-05 and Px0 = 1.583333e-01
160.70753407478333
Running simulation w/ ws = 3.333333e-05 and Px0 = 2.000000e-01
161.52384090423584
Running simulation w/ ws = -3.333333e-05 and Px0 = 8.333335e-02
162.83063983917236
Running simulation w/ ws = -1.000000e-04 and Px0 = 1.083333e-01
160.0103509426117
Running simulation w/ ws = -7.500000e-05 and Px0 = 5.000002e-02
158.85997772216797
Running simulation w/ ws = 5.000000e-05 and Px0 = 1.500000e-01
161.39316630363464
161.3069396018982
67.28002119064331
70.01982021331787
Running simulation w/ ws = 8.333333e-05 and Px0 = 5.833335e-02
Running simulation w/ ws = -1.666667e-05 and Px0 = 4.166668e-02
Running simulation w/ ws = -8.333333e-06 and Px0 = 1.666669e-02
Running simulation w/ ws = -5.833333e-05 and Px0 = 3.333335e-02
158.5313081741333
Running simulation w/ ws = 6.666667e-05 and Px0 = 5.833335e-02
160.7660231590271
Running simulation w/ ws = -9.166667e-05 and Px0 = 1.166667e-01
161.06933999061584
Running simulation w/ ws = 9.166667e-05 and Px0 = 1.583333e-01
162.53799962997437
Running simulation w/ ws = -3.333333e-05 and Px0 = 5.833335e-02
157.3533012866974
Running simulation w/ ws = 1.666667e-05 and Px0 = 2.000000e-01
158.89796471595764
Running simulation w/ ws = 4.166667e-05 and Px0 = 9.166668e-02
160.20624208450317
160.84872102737427
64.83292984962463
70.47642683982849
Running simulation w/ ws = -6.666667e-05 and Px0 = 1.750000e-01
Running simulation w/ ws = -6.666667e-05 and Px0 = 1.500000e-01
Running simulation w/ ws = 8.333333e-06 and Px0 = 1.666667e-01
Running simulation w/ ws = 5.833333e-05 and Px0 = 3.333335e-02
159.4115207195282
Running simulation w/ ws = -9.166667e-05 and Px0 = 1.833333e-01
160.23249506950378
Running simulation w/ ws = -4.166667e-05 and Px0 = 6.666668e-02
162.7148196697235
Running simulation w/ ws = -3.333333e-05 and Px0 = 1.083333e-01
162.91753840446472
Running simulation w/ ws = 6.666667e-05 and Px0 = 8.333353e-03
158.12295508384705
Running simulation w/ ws = -6.666667e-05 and Px0 = 6.666668e-02
159.5030152797699
Running simulation w/ ws = -1.000000e-04 and Px0 = 5.000002e-02
159.77923679351807
160.29378271102905
69.5849039554596
68.42387986183167
Running simulation w/ ws = -2.500000e-05 and Px0 = 2.000000e-08
Running simulation w/ ws = -4.166667e-05 and Px0 = 1.750000e-01
Running simulation w/ ws = 5.833333e-05 and Px0 = 9.166668e-02
Running simulation w/ ws = -1.000000e-04 and Px0 = 1.500000e-01
158.39088129997253
Running simulation w/ ws = -8.333333e-06 and Px0 = 7.500001e-02
159.12494730949402
Running simulation w/ ws = -3.333333e-05 and Px0 = 1.500000e-01
161.26904296875
Running simulation w/ ws = -6.666667e-05 and Px0 = 8.333353e-03
164.20171785354614
Running simulation w/ ws = -9.166667e-05 and Px0 = 1.333333e-01
158.1263997554779
Running simulation w/ ws = 5.000000e-05 and Px0 = 1.083333e-01
158.9830231666565
Running simulation w/ ws = 9.166667e-05 and Px0 = 1.666667e-01
161.54806637763977
158.97433304786682
66.89394783973694
66.35497808456421
Running simulation w/ ws = 8.333333e-06 and Px0 = 3.333335e-02
Running simulation w/ ws = 8.333333e-06 and Px0 = 1.583333e-01
Running simulation w/ ws = -4.166667e-05 and Px0 = 1.833333e-01
Running simulation w/ ws = -1.666667e-05 and Px0 = 3.333335e-02
160.16815876960754
Running simulation w/ ws = 7.500000e-05 and Px0 = 1.666667e-01
160.99757289886475
Running simulation w/ ws = 5.000000e-05 and Px0 = 1.666669e-02
162.35708737373352
Running simulation w/ ws = 0.000000e+00 and Px0 = 2.000000e-08
165.43654823303223
Running simulation w/ ws = -8.333333e-05 and Px0 = 1.500000e-01
162.0526831150055
161.32663488388062
161.3586230278015
158.83280754089355
Running simulation w/ ws = -8.333333e-06 and Px0 = 1.083333e-01
Running simulation w/ ws = -3.333333e-05 and Px0 = 3.333335e-02
Running simulation w/ ws = -8.333333e-05 and Px0 = 1.333333e-01
Running simulation w/ ws = 1.000000e-04 and Px0 = 2.000000e-08
161.16533374786377
Running simulation w/ ws = -8.333333e-06 and Px0 = 1.333333e-01
161.27152395248413
Running simulation w/ ws = -9.166667e-05 and Px0 = 2.500002e-02
162.24716091156006
Running simulation w/ ws = 8.333333e-06 and Px0 = 2.000000e-01
163.0099048614502
Running simulation w/ ws = 1.000000e-04 and Px0 = 5.833335e-02
162.06362891197205
160.43973541259766
162.48460745811462
161.59262418746948
Running simulation w/ ws = -5.833333e-05 and Px0 = 9.166668e-02
Running simulation w/ ws = -6.666667e-05 and Px0 = 3.333335e-02
Running simulation w/ ws = -2.500000e-05 and Px0 = 1.583333e-01
Running simulation w/ ws = -5.000000e-05 and Px0 = 6.666668e-02
155.75697088241577
Running simulation w/ ws = 7.500000e-05 and Px0 = 1.083333e-01
159.1427662372589
Running simulation w/ ws = -4.166667e-05 and Px0 = 1.333333e-01
166.83729219436646
Running simulation w/ ws = 3.333333e-05 and Px0 = 1.416667e-01
167.14254999160767
Running simulation w/ ws = -5.000000e-05 and Px0 = 1.833333e-01
158.21027159690857
Running simulation w/ ws = 5.000000e-05 and Px0 = 1.416667e-01
161.72204852104187
Running simulation w/ ws = -1.666667e-05 and Px0 = 5.833335e-02
160.0852062702179
159.9719181060791
69.72830748558044
66.15153336524963
Running simulation w/ ws = 5.000000e-05 and Px0 = 5.833335e-02
Running simulation w/ ws = -3.333333e-05 and Px0 = 9.166668e-02
Running simulation w/ ws = -1.000000e-04 and Px0 = 2.500002e-02
Running simulation w/ ws = 0.000000e+00 and Px0 = 1.666667e-01
158.4017357826233
Running simulation w/ ws = 4.166667e-05 and Px0 = 5.833335e-02
160.58917951583862
Running simulation w/ ws = 1.666667e-05 and Px0 = 2.000000e-08
161.80084013938904
Running simulation w/ ws = 9.166667e-05 and Px0 = 7.500001e-02
161.89128613471985
Running simulation w/ ws = -5.000000e-05 and Px0 = 3.333335e-02
158.7067539691925
Running simulation w/ ws = 1.666667e-05 and Px0 = 5.000002e-02
159.34415102005005
158.16660356521606
Running simulation w/ ws = 0.000000e+00 and Px0 = 6.666668e-02
Running simulation w/ ws = -8.333333e-05 and Px0 = 5.833335e-02
164.3260018825531
101.41993546485901
106.68877625465393
104.00504159927368
Running simulation w/ ws = 2.500000e-05 and Px0 = 1.833333e-01
Running simulation w/ ws = -2.500000e-05 and Px0 = 1.083333e-01
Running simulation w/ ws = -9.166667e-05 and Px0 = 4.166668e-02
Running simulation w/ ws = -1.000000e-04 and Px0 = 1.250000e-01
157.05788803100586
Running simulation w/ ws = -5.833333e-05 and Px0 = 8.333335e-02
157.68238592147827
Running simulation w/ ws = 6.666667e-05 and Px0 = 2.500002e-02
173.34544897079468
Running simulation w/ ws = -7.500000e-05 and Px0 = 4.166668e-02
175.096538066864
Running simulation w/ ws = -1.000000e-04 and Px0 = 1.000000e-01
162.8359706401825
Running simulation w/ ws = -8.333333e-05 and Px0 = 1.083333e-01
162.9324836730957
Running simulation w/ ws = -6.666667e-05 and Px0 = 1.333333e-01
162.93854141235352
164.69460344314575
74.89208555221558
74.35587406158447
Running simulation w/ ws = 2.500000e-05 and Px0 = 1.666667e-01
Running simulation w/ ws = -4.166667e-05 and Px0 = 1.666669e-02
Running simulation w/ ws = -9.166667e-05 and Px0 = 1.250000e-01
Running simulation w/ ws = 0.000000e+00 and Px0 = 5.833335e-02
158.11591911315918
Running simulation w/ ws = 0.000000e+00 and Px0 = 4.166668e-02
158.74515962600708
Running simulation w/ ws = -1.000000e-04 and Px0 = 3.333335e-02
161.8580014705658
Running simulation w/ ws = -8.333333e-06 and Px0 = 1.166667e-01
162.92391657829285
Running simulation w/ ws = 2.500000e-05 and Px0 = 1.750000e-01
160.20752334594727
Running simulation w/ ws = -2.500000e-05 and Px0 = 2.500002e-02
160.87428069114685
Running simulation w/ ws = 6.666667e-05 and Px0 = 1.000000e-01
158.25252556800842
Running simulation w/ ws = -9.166667e-05 and Px0 = 1.500000e-01
161.35576152801514
98.38452100753784
99.0916337966919
97.69777727127075
Running simulation w/ ws = 4.166667e-05 and Px0 = 8.333353e-03
Running simulation w/ ws = 4.166667e-05 and Px0 = 1.333333e-01
Running simulation w/ ws = -7.500000e-05 and Px0 = 1.083333e-01
Running simulation w/ ws = -2.500000e-05 and Px0 = 8.333353e-03
152.31193375587463
Running simulation w/ ws = 8.333333e-06 and Px0 = 7.500001e-02
161.5553731918335
Running simulation w/ ws = 9.166667e-05 and Px0 = 1.166667e-01
162.63777828216553
Running simulation w/ ws = -9.166667e-05 and Px0 = 6.666668e-02
169.3893141746521
Running simulation w/ ws = -5.833333e-05 and Px0 = 1.916667e-01
159.04705810546875
Running simulation w/ ws = 1.000000e-04 and Px0 = 1.333333e-01
159.8371660709381
Running simulation w/ ws = -5.000000e-05 and Px0 = 1.666667e-01
160.43654465675354
158.26212406158447
73.91600370407104
65.27809953689575
Running simulation w/ ws = 1.666667e-05 and Px0 = 5.833335e-02
Running simulation w/ ws = -5.000000e-05 and Px0 = 1.666669e-02
Running simulation w/ ws = 6.666667e-05 and Px0 = 4.166668e-02
Running simulation w/ ws = 2.500000e-05 and Px0 = 1.583333e-01
160.2523033618927
Running simulation w/ ws = -5.833333e-05 and Px0 = 7.500001e-02
160.93613147735596
Running simulation w/ ws = 8.333333e-05 and Px0 = 1.083333e-01
161.313294172287
Running simulation w/ ws = -4.166667e-05 and Px0 = 1.583333e-01
163.10366916656494
Running simulation w/ ws = -8.333333e-05 and Px0 = 1.583333e-01
158.8445324897766
Running simulation w/ ws = -3.333333e-05 and Px0 = 8.333353e-03
161.6994652748108
161.62281894683838
160.2534704208374
31.46726679801941
Running simulation w/ ws = -5.833333e-05 and Px0 = 5.833335e-02
Running simulation w/ ws = -3.333333e-05 and Px0 = 4.166668e-02
Running simulation w/ ws = 0.000000e+00 and Px0 = 1.750000e-01
Running simulation w/ ws = 8.333333e-06 and Px0 = 1.833333e-01
160.8577480316162
Running simulation w/ ws = -7.500000e-05 and Px0 = 1.000000e-01
160.96612572669983
Running simulation w/ ws = -8.333333e-06 and Px0 = 6.666668e-02
162.511127948761
Running simulation w/ ws = -5.000000e-05 and Px0 = 5.833335e-02
165.50171494483948
Running simulation w/ ws = -9.166667e-05 and Px0 = 2.000000e-08
161.6624231338501
162.12400078773499
161.44884514808655
159.32289505004883
Running simulation w/ ws = 5.000000e-05 and Px0 = 8.333353e-03
Running simulation w/ ws = 9.166667e-05 and Px0 = 1.000000e-01
Running simulation w/ ws = 6.666667e-05 and Px0 = 1.583333e-01
Running simulation w/ ws = 8.333333e-06 and Px0 = 5.833335e-02
156.27658128738403
Running simulation w/ ws = 7.500000e-05 and Px0 = 9.166668e-02
159.43443489074707
Running simulation w/ ws = -5.833333e-05 and Px0 = 1.500000e-01
161.79715538024902
Running simulation w/ ws = -8.333333e-06 and Px0 = 2.000000e-08
162.3542149066925
Running simulation w/ ws = -1.000000e-04 and Px0 = 9.166668e-02
155.95483136177063
Running simulation w/ ws = 8.333333e-06 and Px0 = 6.666668e-02
159.2932207584381
Running simulation w/ ws = -9.166667e-05 and Px0 = 8.333335e-02
158.92388892173767
Running simulation w/ ws = -7.500000e-05 and Px0 = 1.333333e-01
161.5352635383606
106.34439444541931
101.06992483139038
99.15316891670227
Running simulation w/ ws = 9.166667e-05 and Px0 = 1.416667e-01
Running simulation w/ ws = -3.333333e-05 and Px0 = 2.500002e-02
Running simulation w/ ws = 8.333333e-05 and Px0 = 1.750000e-01
Running simulation w/ ws = -1.666667e-05 and Px0 = 6.666668e-02
157.16972255706787
Running simulation w/ ws = 2.500000e-05 and Px0 = 1.416667e-01
162.48507380485535
Running simulation w/ ws = -1.000000e-04 and Px0 = 1.666669e-02
162.9223554134369
Running simulation w/ ws = -6.666667e-05 and Px0 = 7.500001e-02
164.136958360672
Running simulation w/ ws = 7.500000e-05 and Px0 = 5.833335e-02
160.45325326919556
Running simulation w/ ws = 8.333333e-05 and Px0 = 1.333333e-01
161.7767629623413
162.25143265724182
161.25820469856262
35.027312994003296
Running simulation w/ ws = 4.166667e-05 and Px0 = 8.333335e-02
Running simulation w/ ws = 1.666667e-05 and Px0 = 1.666669e-02
Running simulation w/ ws = -1.666667e-05 and Px0 = 2.500002e-02
Running simulation w/ ws = 9.166667e-05 and Px0 = 2.500002e-02
161.14189052581787
161.2223596572876
Running simulation w/ ws = 5.833333e-05 and Px0 = 2.500002e-02
Running simulation w/ ws = 5.833333e-05 and Px0 = 5.000002e-02
162.3283495903015
162.34427499771118
Running simulation w/ ws = 5.000000e-05 and Px0 = 1.916667e-01
Running simulation w/ ws = -8.333333e-05 and Px0 = 2.000000e-08
158.6228790283203
Running simulation w/ ws = 6.666667e-05 and Px0 = 2.000000e-08
159.370037317276
Running simulation w/ ws = 1.000000e-04 and Px0 = 1.583333e-01
159.3457260131836
159.57637643814087
67.89897418022156
66.47122263908386
Running simulation w/ ws = -5.000000e-05 and Px0 = 1.166667e-01
Running simulation w/ ws = -1.666667e-05 and Px0 = 5.000002e-02
Running simulation w/ ws = -9.166667e-05 and Px0 = 2.000000e-01
Running simulation w/ ws = 0.000000e+00 and Px0 = 1.500000e-01
160.17534232139587
Running simulation w/ ws = 5.000000e-05 and Px0 = 1.750000e-01
161.007385969162
Running simulation w/ ws = 2.500000e-05 and Px0 = 1.916667e-01
161.73598957061768
Running simulation w/ ws = -2.500000e-05 and Px0 = 1.666667e-01
162.05610632896423
Running simulation w/ ws = 0.000000e+00 and Px0 = 1.916667e-01
159.0179979801178
Running simulation w/ ws = 5.833333e-05 and Px0 = 7.500001e-02
159.628071308136
Running simulation w/ ws = -3.333333e-05 and Px0 = 1.166667e-01
160.1142807006836
161.14820265769958
64.38587284088135
65.09261178970337
Running simulation w/ ws = 6.666667e-05 and Px0 = 1.666669e-02
Running simulation w/ ws = 3.333333e-05 and Px0 = 1.166667e-01
Running simulation w/ ws = 5.833333e-05 and Px0 = 1.250000e-01
Running simulation w/ ws = -1.000000e-04 and Px0 = 8.333353e-03
157.02494072914124
Running simulation w/ ws = 6.666667e-05 and Px0 = 1.666667e-01
158.16647839546204
Running simulation w/ ws = -7.500000e-05 and Px0 = 1.166667e-01
162.71785044670105
Running simulation w/ ws = 2.500000e-05 and Px0 = 1.250000e-01
164.7054741382599
Running simulation w/ ws = -2.500000e-05 and Px0 = 4.166668e-02
159.09050846099854
Running simulation w/ ws = -2.500000e-05 and Px0 = 1.166667e-01
161.2205126285553
Running simulation w/ ws = -5.833333e-05 and Px0 = 1.333333e-01
159.62544894218445
159.98026657104492
66.1812891960144
65.08849120140076
Running simulation w/ ws = 8.333333e-06 and Px0 = 1.416667e-01
Running simulation w/ ws = 0.000000e+00 and Px0 = 1.000000e-01
Running simulation w/ ws = 5.000000e-05 and Px0 = 1.166667e-01
Running simulation w/ ws = -8.333333e-06 and Px0 = 8.333335e-02
159.03954124450684
Running simulation w/ ws = -6.666667e-05 and Px0 = 1.416667e-01
159.59525322914124
Running simulation w/ ws = 5.000000e-05 and Px0 = 1.250000e-01
159.63276529312134
Running simulation w/ ws = -2.500000e-05 and Px0 = 1.000000e-01
163.13704204559326
Running simulation w/ ws = 1.000000e-04 and Px0 = 1.750000e-01
159.26632833480835
Running simulation w/ ws = 5.833333e-05 and Px0 = 1.583333e-01
160.00003099441528
Running simulation w/ ws = -7.500000e-05 and Px0 = 1.750000e-01
160.3018000125885
Running simulation w/ ws = -6.666667e-05 and Px0 = 1.166667e-01
160.92654871940613
99.06767725944519
101.48899292945862
102.43307399749756
Running simulation w/ ws = -2.500000e-05 and Px0 = 7.500001e-02
Running simulation w/ ws = 0.000000e+00 and Px0 = 9.166668e-02
Running simulation w/ ws = -5.000000e-05 and Px0 = 1.333333e-01
Running simulation w/ ws = 9.166667e-05 and Px0 = 1.250000e-01
155.3449103832245
Running simulation w/ ws = -3.333333e-05 and Px0 = 2.000000e-01
156.34041595458984
Running simulation w/ ws = 8.333333e-05 and Px0 = 1.000000e-01
167.32281231880188
Running simulation w/ ws = -7.500000e-05 and Px0 = 1.666669e-02
169.17453360557556
Running simulation w/ ws = 1.666667e-05 and Px0 = 7.500001e-02
160.1718292236328
Running simulation w/ ws = 4.166667e-05 and Px0 = 4.166668e-02
161.32359290122986
Running simulation w/ ws = 5.000000e-05 and Px0 = 2.000000e-08
160.61790871620178
159.4411849975586
69.35687851905823
69.82569026947021
Running simulation w/ ws = -5.000000e-05 and Px0 = 1.000000e-01
Running simulation w/ ws = 5.833333e-05 and Px0 = 1.083333e-01
Running simulation w/ ws = -4.166667e-05 and Px0 = 8.333353e-03
Running simulation w/ ws = 8.333333e-06 and Px0 = 1.666669e-02
154.43868589401245
Running simulation w/ ws = -1.666667e-05 and Px0 = 1.500000e-01
157.7903335094452
Running simulation w/ ws = 6.666667e-05 and Px0 = 2.000000e-01
162.8260645866394
Running simulation w/ ws = 4.166667e-05 and Px0 = 1.750000e-01
163.13163900375366
Running simulation w/ ws = -8.333333e-06 and Px0 = 1.583333e-01
159.1039752960205
Running simulation w/ ws = -3.333333e-05 and Px0 = 1.833333e-01
158.49119591712952
Running simulation w/ ws = -8.333333e-05 and Px0 = 4.166668e-02
157.2412929534912
Running simulation w/ ws = -3.333333e-05 and Px0 = 1.666667e-01
157.79853463172913
Running simulation w/ ws = 8.333333e-06 and Px0 = 8.333353e-03
126.41432905197144
123.83711314201355
130.23078417778015
137.87245917320251
Running simulation w/ ws = -8.333333e-05 and Px0 = 1.000000e-01
Running simulation w/ ws = -8.333333e-06 and Px0 = 1.500000e-01
Running simulation w/ ws = 2.500000e-05 and Px0 = 2.500002e-02
Running simulation w/ ws = 1.666667e-05 and Px0 = 1.500000e-01
158.45450949668884
Running simulation w/ ws = -8.333333e-06 and Px0 = 1.833333e-01
159.52988052368164
Running simulation w/ ws = 8.333333e-06 and Px0 = 1.166667e-01
159.68361949920654
Running simulation w/ ws = 7.500000e-05 and Px0 = 5.000002e-02
163.89846277236938
Running simulation w/ ws = 7.500000e-05 and Px0 = 2.500002e-02
160.71979427337646
Running simulation w/ ws = 5.833333e-05 and Px0 = 1.833333e-01
162.09966135025024
161.19084787368774
Running simulation w/ ws = 2.500000e-05 and Px0 = 1.166667e-01
Running simulation w/ ws = -1.666667e-05 and Px0 = 1.083333e-01
160.86661005020142
94.04434990882874
96.15474343299866
98.32862877845764
Running simulation w/ ws = -6.666667e-05 and Px0 = 2.500002e-02
Running simulation w/ ws = 1.666667e-05 and Px0 = 1.250000e-01
Running simulation w/ ws = -9.166667e-05 and Px0 = 1.583333e-01
Running simulation w/ ws = -1.666667e-05 and Px0 = 1.000000e-01
156.34358525276184
Running simulation w/ ws = 1.000000e-04 and Px0 = 1.166667e-01
159.68794417381287
Running simulation w/ ws = 6.666667e-05 and Px0 = 1.416667e-01
162.6258509159088
Running simulation w/ ws = 3.333333e-05 and Px0 = 1.083333e-01
168.5131013393402
Running simulation w/ ws = -7.500000e-05 and Px0 = 3.333335e-02
157.97425031661987
Running simulation w/ ws = -7.500000e-05 and Px0 = 2.500002e-02
159.74237370491028
Running simulation w/ ws = 1.666667e-05 and Px0 = 9.166668e-02
161.02287602424622
160.82680702209473
67.46336960792542
73.5719895362854
Running simulation w/ ws = 1.000000e-04 and Px0 = 1.000000e-01
Running simulation w/ ws = 3.333333e-05 and Px0 = 1.833333e-01
Running simulation w/ ws = 2.500000e-05 and Px0 = 3.333335e-02
Running simulation w/ ws = 7.500000e-05 and Px0 = 2.000000e-08
162.35003757476807
Running simulation w/ ws = 2.500000e-05 and Px0 = 8.333335e-02
162.7375590801239
Running simulation w/ ws = -4.166667e-05 and Px0 = 1.250000e-01
164.09111618995667
Running simulation w/ ws = 8.333333e-05 and Px0 = 1.666669e-02
164.74388575553894
Running simulation w/ ws = 8.333333e-05 and Px0 = 1.916667e-01
160.19154500961304
161.48002696037292
160.04926824569702
160.90841341018677
Running simulation w/ ws = 7.500000e-05 and Px0 = 6.666668e-02
Running simulation w/ ws = 2.500000e-05 and Px0 = 5.833335e-02
Running simulation w/ ws = -4.166667e-05 and Px0 = 1.416667e-01
Running simulation w/ ws = -5.833333e-05 and Px0 = 1.666669e-02
158.55919361114502
Running simulation w/ ws = -3.333333e-05 and Px0 = 7.500001e-02
160.86559081077576
Running simulation w/ ws = 8.333333e-05 and Px0 = 6.666668e-02
164.86156558990479
Running simulation w/ ws = 7.500000e-05 and Px0 = 1.500000e-01
165.325927734375
Running simulation w/ ws = 6.666667e-05 and Px0 = 1.083333e-01
157.48423314094543
Running simulation w/ ws = 8.333333e-05 and Px0 = 1.666667e-01
159.86789321899414
Running simulation w/ ws = 3.333333e-05 and Px0 = 1.333333e-01
158.4948046207428
159.50875401496887
68.28832221031189
68.68977117538452
Running simulation w/ ws = 4.166667e-05 and Px0 = 1.666667e-01
Running simulation w/ ws = 8.333333e-06 and Px0 = 1.333333e-01
Running simulation w/ ws = -8.333333e-05 and Px0 = 2.500002e-02
Running simulation w/ ws = 1.000000e-04 and Px0 = 2.500002e-02
157.26970672607422
Running simulation w/ ws = -4.166667e-05 and Px0 = 1.666667e-01
159.06843423843384
Running simulation w/ ws = 1.666667e-05 and Px0 = 1.750000e-01
160.2184112071991
Running simulation w/ ws = -1.666667e-05 and Px0 = 2.000000e-08
175.52638983726501
Running simulation w/ ws = 8.333333e-05 and Px0 = 5.000002e-02
159.8484742641449
Running simulation w/ ws = 2.500000e-05 and Px0 = 1.083333e-01
160.87365794181824
Running simulation w/ ws = -8.333333e-05 and Px0 = 1.166667e-01
170.75308632850647
156.34840059280396
67.49080157279968
67.39327216148376
Running simulation w/ ws = -9.166667e-05 and Px0 = 1.416667e-01
Running simulation w/ ws = -7.500000e-05 and Px0 = 5.833335e-02
Running simulation w/ ws = 8.333333e-05 and Px0 = 1.500000e-01
Running simulation w/ ws = 2.500000e-05 and Px0 = 9.166668e-02
158.49612951278687
Running simulation w/ ws = -5.833333e-05 and Px0 = 8.333353e-03
160.14998292922974
Running simulation w/ ws = -3.333333e-05 and Px0 = 1.916667e-01
160.2600178718567
Running simulation w/ ws = 0.000000e+00 and Px0 = 1.583333e-01
162.28835201263428
Running simulation w/ ws = -9.166667e-05 and Px0 = 1.000000e-01
158.2924358844757
Running simulation w/ ws = -4.166667e-05 and Px0 = 1.166667e-01
158.65046215057373
Running simulation w/ ws = -2.500000e-05 and Px0 = 8.333335e-02
160.67768836021423
Running simulation w/ ws = -3.333333e-05 and Px0 = 1.750000e-01
159.4347424507141
99.28565096855164
102.20196223258972
97.7884590625763
Running simulation w/ ws = -8.333333e-05 and Px0 = 1.916667e-01
Running simulation w/ ws = 8.333333e-05 and Px0 = 8.333335e-02
Running simulation w/ ws = 3.333333e-05 and Px0 = 5.000002e-02
Running simulation w/ ws = 5.833333e-05 and Px0 = 1.166667e-01
159.56903743743896
Running simulation w/ ws = -1.666667e-05 and Px0 = 1.583333e-01
160.16940331459045
Running simulation w/ ws = 7.500000e-05 and Px0 = 1.000000e-01
160.94215965270996
Running simulation w/ ws = 6.666667e-05 and Px0 = 9.166668e-02
161.57164311408997
Running simulation w/ ws = 2.500000e-05 and Px0 = 1.000000e-01
157.96595692634583
Running simulation w/ ws = -5.833333e-05 and Px0 = 4.166668e-02
158.14115047454834
Running simulation w/ ws = 2.500000e-05 and Px0 = 4.166668e-02
161.04922676086426
Running simulation w/ ws = -9.166667e-05 and Px0 = 7.500001e-02
161.27230429649353
100.61278581619263
99.88693141937256
99.72381901741028
Running simulation w/ ws = -7.500000e-05 and Px0 = 1.916667e-01
Running simulation w/ ws = 1.000000e-04 and Px0 = 1.083333e-01
Running simulation w/ ws = 8.333333e-05 and Px0 = 1.583333e-01
Running simulation w/ ws = -1.000000e-04 and Px0 = 8.333335e-02
156.00711297988892
Running simulation w/ ws = -8.333333e-06 and Px0 = 1.750000e-01
157.32677364349365
Running simulation w/ ws = 1.000000e-04 and Px0 = 1.250000e-01
164.50222897529602
Running simulation w/ ws = 0.000000e+00 and Px0 = 2.500002e-02
165.1705515384674
Running simulation w/ ws = -9.166667e-05 and Px0 = 1.750000e-01
160.43589901924133
Running simulation w/ ws = 8.333333e-06 and Px0 = 1.083333e-01
161.1102774143219
Running simulation w/ ws = -1.666667e-05 and Px0 = 1.666667e-01
160.3774425983429
161.2777795791626
69.95855522155762
69.92343783378601
Running simulation w/ ws = 9.166667e-05 and Px0 = 8.333353e-03
Running simulation w/ ws = -2.500000e-05 and Px0 = 6.666668e-02
Running simulation w/ ws = -1.000000e-04 and Px0 = 2.000000e-01
Running simulation w/ ws = 1.000000e-04 and Px0 = 3.333335e-02
159.80390977859497
Running simulation w/ ws = -9.166667e-05 and Px0 = 8.333353e-03
160.4929392337799
Running simulation w/ ws = -3.333333e-05 and Px0 = 1.583333e-01
160.5400869846344
Running simulation w/ ws = 8.333333e-05 and Px0 = 9.166668e-02
160.88012838363647
Running simulation w/ ws = -1.000000e-04 and Px0 = 1.916667e-01
160.86990880966187
Running simulation w/ ws = -7.500000e-05 and Px0 = 7.500001e-02
162.84998297691345
162.48524236679077
162.96493458747864
30.4176983833313
There are 25 tasks
